<?xml version="1.0" encoding="ISO-8859-1" ?>
<link_info>
   <banner>TI ARM Linker PC v20.2.4.LTS</banner>
   <copyright>Copyright (c) 1996-2018 Texas Instruments Incorporated</copyright>
   <link_time>0x60e615d6</link_time>
   <link_errors>0x0</link_errors>
   <output_file>ADC_Class_Test.out</output_file>
   <entry_point>
      <name>_c_int00_noargs</name>
      <address>0x1891</address>
   </entry_point>
   <input_file_list>
      <input_file id="fl-2">
         <path>.\</path>
         <kind>object</kind>
         <file>ADC.obj</file>
         <name>ADC.obj</name>
      </input_file>
      <input_file id="fl-3">
         <path>.\</path>
         <kind>object</kind>
         <file>GPIO.obj</file>
         <name>GPIO.obj</name>
      </input_file>
      <input_file id="fl-4">
         <path>.\</path>
         <kind>object</kind>
         <file>System.obj</file>
         <name>System.obj</name>
      </input_file>
      <input_file id="fl-5">
         <path>.\</path>
         <kind>object</kind>
         <file>main.obj</file>
         <name>main.obj</name>
      </input_file>
      <input_file id="fl-6">
         <path>.\</path>
         <kind>object</kind>
         <file>tm4c123gh6pm_startup_ccs.obj</file>
         <name>tm4c123gh6pm_startup_ccs.obj</name>
      </input_file>
      <input_file id="fl-7">
         <path>.\</path>
         <kind>object</kind>
         <file>uartstdio.obj</file>
         <name>uartstdio.obj</name>
      </input_file>
      <input_file id="fl-d">
         <kind>object</kind>
         <file>&lt;internal&gt;</file>
         <name>&lt;internal&gt;</name>
      </input_file>
      <input_file id="fl-e">
         <path>G:\TivaWare_C_Series-2.1.4.178\driverlib\ccs\Debug\</path>
         <kind>archive</kind>
         <file>driverlib.lib</file>
         <name>adc.obj</name>
      </input_file>
      <input_file id="fl-f">
         <path>G:\TivaWare_C_Series-2.1.4.178\driverlib\ccs\Debug\</path>
         <kind>archive</kind>
         <file>driverlib.lib</file>
         <name>fpu.obj</name>
      </input_file>
      <input_file id="fl-10">
         <path>G:\TivaWare_C_Series-2.1.4.178\driverlib\ccs\Debug\</path>
         <kind>archive</kind>
         <file>driverlib.lib</file>
         <name>gpio.obj</name>
      </input_file>
      <input_file id="fl-11">
         <path>G:\TivaWare_C_Series-2.1.4.178\driverlib\ccs\Debug\</path>
         <kind>archive</kind>
         <file>driverlib.lib</file>
         <name>interrupt.obj</name>
      </input_file>
      <input_file id="fl-12">
         <path>G:\TivaWare_C_Series-2.1.4.178\driverlib\ccs\Debug\</path>
         <kind>archive</kind>
         <file>driverlib.lib</file>
         <name>sysctl.obj</name>
      </input_file>
      <input_file id="fl-13">
         <path>G:\TivaWare_C_Series-2.1.4.178\driverlib\ccs\Debug\</path>
         <kind>archive</kind>
         <file>driverlib.lib</file>
         <name>uart.obj</name>
      </input_file>
      <input_file id="fl-14">
         <path>G:\TivaWare_C_Series-2.1.4.178\driverlib\ccs\Debug\</path>
         <kind>archive</kind>
         <file>driverlib.lib</file>
         <name>cpu.obj</name>
      </input_file>
      <input_file id="fl-ca">
         <path>D:\ti\ccs1031\ccs\tools\compiler\ti-cgt-arm_20.2.4.LTS\lib\</path>
         <kind>archive</kind>
         <file>rtsv7M4_T_le_v4SPD16_eabi.lib</file>
         <name>typeinfo.c.obj</name>
      </input_file>
      <input_file id="fl-cb">
         <path>D:\ti\ccs1031\ccs\tools\compiler\ti-cgt-arm_20.2.4.LTS\lib\</path>
         <kind>archive</kind>
         <file>rtsv7M4_T_le_v4SPD16_eabi.lib</file>
         <name>new.cpp.obj</name>
      </input_file>
      <input_file id="fl-cc">
         <path>D:\ti\ccs1031\ccs\tools\compiler\ti-cgt-arm_20.2.4.LTS\lib\</path>
         <kind>archive</kind>
         <file>rtsv7M4_T_le_v4SPD16_eabi.lib</file>
         <name>u_divt2.asm.obj</name>
      </input_file>
      <input_file id="fl-cd">
         <path>D:\ti\ccs1031\ccs\tools\compiler\ti-cgt-arm_20.2.4.LTS\lib\</path>
         <kind>archive</kind>
         <file>rtsv7M4_T_le_v4SPD16_eabi.lib</file>
         <name>memcpy_t2.asm.obj</name>
      </input_file>
      <input_file id="fl-ce">
         <path>D:\ti\ccs1031\ccs\tools\compiler\ti-cgt-arm_20.2.4.LTS\lib\</path>
         <kind>archive</kind>
         <file>rtsv7M4_T_le_v4SPD16_eabi.lib</file>
         <name>copy_zero_init.c.obj</name>
      </input_file>
      <input_file id="fl-cf">
         <path>D:\ti\ccs1031\ccs\tools\compiler\ti-cgt-arm_20.2.4.LTS\lib\</path>
         <kind>archive</kind>
         <file>rtsv7M4_T_le_v4SPD16_eabi.lib</file>
         <name>copy_decompress_none.c.obj</name>
      </input_file>
      <input_file id="fl-d0">
         <path>D:\ti\ccs1031\ccs\tools\compiler\ti-cgt-arm_20.2.4.LTS\lib\</path>
         <kind>archive</kind>
         <file>rtsv7M4_T_le_v4SPD16_eabi.lib</file>
         <name>copy_decompress_lzss.c.obj</name>
      </input_file>
      <input_file id="fl-d1">
         <path>D:\ti\ccs1031\ccs\tools\compiler\ti-cgt-arm_20.2.4.LTS\lib\</path>
         <kind>archive</kind>
         <file>rtsv7M4_T_le_v4SPD16_eabi.lib</file>
         <name>exit.c.obj</name>
      </input_file>
      <input_file id="fl-d2">
         <path>D:\ti\ccs1031\ccs\tools\compiler\ti-cgt-arm_20.2.4.LTS\lib\</path>
         <kind>archive</kind>
         <file>rtsv7M4_T_le_v4SPD16_eabi.lib</file>
         <name>_lock.c.obj</name>
      </input_file>
      <input_file id="fl-d3">
         <path>D:\ti\ccs1031\ccs\tools\compiler\ti-cgt-arm_20.2.4.LTS\lib\</path>
         <kind>archive</kind>
         <file>rtsv7M4_T_le_v4SPD16_eabi.lib</file>
         <name>memory.c.obj</name>
      </input_file>
      <input_file id="fl-d4">
         <path>D:\ti\ccs1031\ccs\tools\compiler\ti-cgt-arm_20.2.4.LTS\lib\</path>
         <kind>archive</kind>
         <file>rtsv7M4_T_le_v4SPD16_eabi.lib</file>
         <name>boot_cortex_m.c.obj</name>
      </input_file>
      <input_file id="fl-d5">
         <path>D:\ti\ccs1031\ccs\tools\compiler\ti-cgt-arm_20.2.4.LTS\lib\</path>
         <kind>archive</kind>
         <file>rtsv7M4_T_le_v4SPD16_eabi.lib</file>
         <name>stdlib_typeinfo.cpp.obj</name>
      </input_file>
      <input_file id="fl-d6">
         <path>D:\ti\ccs1031\ccs\tools\compiler\ti-cgt-arm_20.2.4.LTS\lib\</path>
         <kind>archive</kind>
         <file>rtsv7M4_T_le_v4SPD16_eabi.lib</file>
         <name>div0.asm.obj</name>
      </input_file>
      <input_file id="fl-d7">
         <path>D:\ti\ccs1031\ccs\tools\compiler\ti-cgt-arm_20.2.4.LTS\lib\</path>
         <kind>archive</kind>
         <file>rtsv7M4_T_le_v4SPD16_eabi.lib</file>
         <name>memset_t2.asm.obj</name>
      </input_file>
      <input_file id="fl-d8">
         <path>D:\ti\ccs1031\ccs\tools\compiler\ti-cgt-arm_20.2.4.LTS\lib\</path>
         <kind>archive</kind>
         <file>rtsv7M4_T_le_v4SPD16_eabi.lib</file>
         <name>autoinit.c.obj</name>
      </input_file>
      <input_file id="fl-d9">
         <path>D:\ti\ccs1031\ccs\tools\compiler\ti-cgt-arm_20.2.4.LTS\lib\</path>
         <kind>archive</kind>
         <file>rtsv7M4_T_le_v4SPD16_eabi.lib</file>
         <name>pre_init.c.obj</name>
      </input_file>
      <input_file id="fl-da">
         <path>D:\ti\ccs1031\ccs\tools\compiler\ti-cgt-arm_20.2.4.LTS\lib\</path>
         <kind>archive</kind>
         <file>rtsv7M4_T_le_v4SPD16_eabi.lib</file>
         <name>cpy_tbl.c.obj</name>
      </input_file>
      <input_file id="fl-db">
         <path>D:\ti\ccs1031\ccs\tools\compiler\ti-cgt-arm_20.2.4.LTS\lib\</path>
         <kind>archive</kind>
         <file>rtsv7M4_T_le_v4SPD16_eabi.lib</file>
         <name>args_main.c.obj</name>
      </input_file>
      <input_file id="fl-dc">
         <path>D:\ti\ccs1031\ccs\tools\compiler\ti-cgt-arm_20.2.4.LTS\lib\</path>
         <kind>archive</kind>
         <file>rtsv7M4_T_le_v4SPD16_eabi.lib</file>
         <name>stdlib_exception.cpp.obj</name>
      </input_file>
   </input_file_list>
   <object_component_list>
      <object_component id="oc-12">
         <name>.intvecs</name>
         <load_address>0x0</load_address>
         <run_address>0x0</run_address>
         <size>0x26c</size>
         <input_file_ref idref="fl-6"/>
      </object_component>
      <object_component id="oc-158">
         <name>.text</name>
         <load_address>0x26c</load_address>
         <run_address>0x26c</run_address>
         <size>0x49c</size>
         <input_file_ref idref="fl-7"/>
      </object_component>
      <object_component id="oc-d5">
         <name>.text</name>
         <load_address>0x708</load_address>
         <run_address>0x708</run_address>
         <size>0x478</size>
         <input_file_ref idref="fl-4"/>
      </object_component>
      <object_component id="oc-db">
         <name>.text</name>
         <load_address>0xb80</load_address>
         <run_address>0xb80</run_address>
         <size>0x2c8</size>
         <input_file_ref idref="fl-2"/>
      </object_component>
      <object_component id="oc-e1">
         <name>.text</name>
         <load_address>0xe48</load_address>
         <run_address>0xe48</run_address>
         <size>0x254</size>
         <input_file_ref idref="fl-3"/>
      </object_component>
      <object_component id="oc-1fe">
         <name>.text:GPIOPadConfigSet</name>
         <load_address>0x109c</load_address>
         <run_address>0x109c</run_address>
         <size>0x132</size>
         <input_file_ref idref="fl-10"/>
      </object_component>
      <object_component id="oc-379">
         <name>.text:_ZNSt9type_infoD1Ev</name>
         <load_address>0x11ce</load_address>
         <run_address>0x11ce</run_address>
         <size>0x2</size>
         <input_file_ref idref="fl-d5"/>
      </object_component>
      <object_component id="oc-140">
         <name>.text:SysCtlClockSet</name>
         <load_address>0x11d0</load_address>
         <run_address>0x11d0</run_address>
         <size>0xf4</size>
         <input_file_ref idref="fl-12"/>
      </object_component>
      <object_component id="oc-2de">
         <name>.text:free</name>
         <load_address>0x12c4</load_address>
         <run_address>0x12c4</run_address>
         <size>0xe4</size>
         <input_file_ref idref="fl-d3"/>
      </object_component>
      <object_component id="oc-a2">
         <name>.text</name>
         <load_address>0x13a8</load_address>
         <run_address>0x13a8</run_address>
         <size>0xdc</size>
         <input_file_ref idref="fl-5"/>
      </object_component>
      <object_component id="oc-3e">
         <name>.text</name>
         <load_address>0x1484</load_address>
         <run_address>0x1484</run_address>
         <size>0x9c</size>
         <input_file_ref idref="fl-cd"/>
      </object_component>
      <object_component id="oc-1ba">
         <name>.text:ADCSequenceStepConfigure</name>
         <load_address>0x1520</load_address>
         <run_address>0x1520</run_address>
         <size>0x7a</size>
         <input_file_ref idref="fl-e"/>
      </object_component>
      <object_component id="oc-15">
         <name>.text:decompress:lzss:__TI_decompress_lzss</name>
         <load_address>0x159a</load_address>
         <run_address>0x159a</run_address>
         <size>0x68</size>
         <input_file_ref idref="fl-d0"/>
      </object_component>
      <object_component id="oc-1b4">
         <name>.text:ADCSequenceConfigure</name>
         <load_address>0x1602</load_address>
         <run_address>0x1602</run_address>
         <size>0x50</size>
         <input_file_ref idref="fl-e"/>
      </object_component>
      <object_component id="oc-2bf">
         <name>.text:_nop</name>
         <load_address>0x1652</load_address>
         <run_address>0x1652</run_address>
         <size>0x2</size>
         <input_file_ref idref="fl-d2"/>
      </object_component>
      <object_component id="oc-16a">
         <name>.text:SysCtlPeripheralReset</name>
         <load_address>0x1654</load_address>
         <run_address>0x1654</run_address>
         <size>0x50</size>
         <input_file_ref idref="fl-12"/>
      </object_component>
      <object_component id="oc-14c">
         <name>.text:GPIOPinConfigure</name>
         <load_address>0x16a4</load_address>
         <run_address>0x16a4</run_address>
         <size>0x48</size>
         <input_file_ref idref="fl-10"/>
      </object_component>
      <object_component id="oc-24a">
         <name>.text:UARTConfigSetExpClk</name>
         <load_address>0x16ec</load_address>
         <run_address>0x16ec</run_address>
         <size>0x46</size>
         <input_file_ref idref="fl-13"/>
      </object_component>
      <object_component id="oc-30e">
         <name>.text</name>
         <load_address>0x1732</load_address>
         <run_address>0x1732</run_address>
         <size>0x2</size>
         <input_file_ref idref="fl-d6"/>
      </object_component>
      <object_component id="oc-108">
         <name>.text:__TI_auto_init_nobinit_nopinit:__TI_auto_init_nobinit_nopinit</name>
         <load_address>0x1734</load_address>
         <run_address>0x1734</run_address>
         <size>0x44</size>
         <input_file_ref idref="fl-d8"/>
      </object_component>
      <object_component id="oc-26b">
         <name>.text</name>
         <load_address>0x1778</load_address>
         <run_address>0x1778</run_address>
         <size>0x40</size>
         <input_file_ref idref="fl-cc"/>
      </object_component>
      <object_component id="oc-244">
         <name>.text:SysCtlPeripheralPresent</name>
         <load_address>0x17b8</load_address>
         <run_address>0x17b8</run_address>
         <size>0x38</size>
         <input_file_ref idref="fl-12"/>
      </object_component>
      <object_component id="oc-1a2">
         <name>.text:SysCtlPeripheralReady</name>
         <load_address>0x17f0</load_address>
         <run_address>0x17f0</run_address>
         <size>0x38</size>
         <input_file_ref idref="fl-12"/>
      </object_component>
      <object_component id="oc-170">
         <name>.text:SysCtlPeripheralDisable</name>
         <load_address>0x1828</load_address>
         <run_address>0x1828</run_address>
         <size>0x34</size>
         <input_file_ref idref="fl-12"/>
      </object_component>
      <object_component id="oc-146">
         <name>.text:SysCtlPeripheralEnable</name>
         <load_address>0x185c</load_address>
         <run_address>0x185c</run_address>
         <size>0x34</size>
         <input_file_ref idref="fl-12"/>
      </object_component>
      <object_component id="oc-5c">
         <name>.text:_c_int00_noargs:_c_int00_noargs</name>
         <load_address>0x1890</load_address>
         <run_address>0x1890</run_address>
         <size>0x34</size>
         <input_file_ref idref="fl-d4"/>
      </object_component>
      <object_component id="oc-1d8">
         <name>.text:ADCIntStatus</name>
         <load_address>0x18c4</load_address>
         <run_address>0x18c4</run_address>
         <size>0x2e</size>
         <input_file_ref idref="fl-e"/>
      </object_component>
      <object_component id="oc-1ec">
         <name>.text:GPIODirModeSet</name>
         <load_address>0x18f2</load_address>
         <run_address>0x18f2</run_address>
         <size>0x2a</size>
         <input_file_ref idref="fl-10"/>
      </object_component>
      <object_component id="oc-346">
         <name>.text:free_list_insert</name>
         <load_address>0x191c</load_address>
         <run_address>0x191c</run_address>
         <size>0x28</size>
         <input_file_ref idref="fl-d3"/>
      </object_component>
      <object_component id="oc-2fd">
         <name>.text:UARTDisable</name>
         <load_address>0x1944</load_address>
         <run_address>0x1944</run_address>
         <size>0x20</size>
         <input_file_ref idref="fl-13"/>
      </object_component>
      <object_component id="oc-1de">
         <name>.text:ADCSequenceDataGet</name>
         <load_address>0x1964</load_address>
         <run_address>0x1964</run_address>
         <size>0x1e</size>
         <input_file_ref idref="fl-e"/>
      </object_component>
      <object_component id="oc-340">
         <name>.text:free_list_remove</name>
         <load_address>0x1984</load_address>
         <run_address>0x1984</run_address>
         <size>0x1c</size>
         <input_file_ref idref="fl-d3"/>
      </object_component>
      <object_component id="oc-1d2">
         <name>.text:ADCProcessorTrigger</name>
         <load_address>0x19a0</load_address>
         <run_address>0x19a0</run_address>
         <size>0x18</size>
         <input_file_ref idref="fl-e"/>
      </object_component>
      <object_component id="oc-182">
         <name>.text:SysCtlPWMClockSet</name>
         <load_address>0x19b8</load_address>
         <run_address>0x19b8</run_address>
         <size>0x14</size>
         <input_file_ref idref="fl-12"/>
      </object_component>
      <object_component id="oc-250">
         <name>.text:UARTEnable</name>
         <load_address>0x19cc</load_address>
         <run_address>0x19cc</run_address>
         <size>0x14</size>
         <input_file_ref idref="fl-13"/>
      </object_component>
      <object_component id="oc-1a8">
         <name>.text:GPIOPinTypeADC</name>
         <load_address>0x19e0</load_address>
         <run_address>0x19e0</run_address>
         <size>0x12</size>
         <input_file_ref idref="fl-10"/>
      </object_component>
      <object_component id="oc-152">
         <name>.text:GPIOPinTypeUART</name>
         <load_address>0x19f2</load_address>
         <run_address>0x19f2</run_address>
         <size>0x12</size>
         <input_file_ref idref="fl-10"/>
      </object_component>
      <object_component id="oc-17c">
         <name>.text:FPUEnable</name>
         <load_address>0x1a04</load_address>
         <run_address>0x1a04</run_address>
         <size>0x10</size>
         <input_file_ref idref="fl-f"/>
      </object_component>
      <object_component id="oc-176">
         <name>.text:FPULazyStackingEnable</name>
         <load_address>0x1a14</load_address>
         <run_address>0x1a14</run_address>
         <size>0x10</size>
         <input_file_ref idref="fl-f"/>
      </object_component>
      <object_component id="oc-164">
         <name>.text:IntMasterDisable</name>
         <load_address>0x1a24</load_address>
         <run_address>0x1a24</run_address>
         <size>0x10</size>
         <input_file_ref idref="fl-11"/>
      </object_component>
      <object_component id="oc-15e">
         <name>.text:IntMasterEnable</name>
         <load_address>0x1a34</load_address>
         <run_address>0x1a34</run_address>
         <size>0x10</size>
         <input_file_ref idref="fl-11"/>
      </object_component>
      <object_component id="oc-1cc">
         <name>.text:ADCHardwareOversampleConfigure</name>
         <load_address>0x1a44</load_address>
         <run_address>0x1a44</run_address>
         <size>0xe</size>
         <input_file_ref idref="fl-e"/>
      </object_component>
      <object_component id="oc-1ae">
         <name>.text:ADCSequenceDisable</name>
         <load_address>0x1a52</load_address>
         <run_address>0x1a52</run_address>
         <size>0xe</size>
         <input_file_ref idref="fl-e"/>
      </object_component>
      <object_component id="oc-1c0">
         <name>.text:ADCSequenceEnable</name>
         <load_address>0x1a60</load_address>
         <run_address>0x1a60</run_address>
         <size>0xe</size>
         <input_file_ref idref="fl-e"/>
      </object_component>
      <object_component id="oc-35c">
         <name>.text:_ZN10__cxxabiv117__class_type_infoD0Ev</name>
         <load_address>0x1a6e</load_address>
         <run_address>0x1a6e</run_address>
         <size>0xe</size>
         <input_file_ref idref="fl-ca"/>
      </object_component>
      <object_component id="oc-39a">
         <name>.text:_ZN10__cxxabiv120__si_class_type_infoD0Ev</name>
         <load_address>0x1a7c</load_address>
         <run_address>0x1a7c</run_address>
         <size>0xe</size>
         <input_file_ref idref="fl-ca"/>
      </object_component>
      <object_component id="oc-1b">
         <name>.text:decompress:none:__TI_decompress_none</name>
         <load_address>0x1a8a</load_address>
         <run_address>0x1a8a</run_address>
         <size>0xe</size>
         <input_file_ref idref="fl-cf"/>
      </object_component>
      <object_component id="oc-281">
         <name>.text:CPUcpsid</name>
         <load_address>0x1a98</load_address>
         <run_address>0x1a98</run_address>
         <size>0xc</size>
         <input_file_ref idref="fl-14"/>
      </object_component>
      <object_component id="oc-27a">
         <name>.text:CPUcpsie</name>
         <load_address>0x1aa4</load_address>
         <run_address>0x1aa4</run_address>
         <size>0xc</size>
         <input_file_ref idref="fl-14"/>
      </object_component>
      <object_component id="oc-2a">
         <name>.text</name>
         <load_address>0x1ab0</load_address>
         <run_address>0x1ab0</run_address>
         <size>0xc</size>
         <input_file_ref idref="fl-6"/>
      </object_component>
      <object_component id="oc-1c6">
         <name>.text:ADCIntClear</name>
         <load_address>0x1abc</load_address>
         <run_address>0x1abc</run_address>
         <size>0xa</size>
         <input_file_ref idref="fl-e"/>
      </object_component>
      <object_component id="oc-25c">
         <name>.text:UARTCharGet</name>
         <load_address>0x1ac6</load_address>
         <run_address>0x1ac6</run_address>
         <size>0xa</size>
         <input_file_ref idref="fl-13"/>
      </object_component>
      <object_component id="oc-256">
         <name>.text:UARTCharPut</name>
         <load_address>0x1ad0</load_address>
         <run_address>0x1ad0</run_address>
         <size>0xa</size>
         <input_file_ref idref="fl-13"/>
      </object_component>
      <object_component id="oc-22d">
         <name>.text:_ZdlPv</name>
         <load_address>0x1ada</load_address>
         <run_address>0x1ada</run_address>
         <size>0x8</size>
         <input_file_ref idref="fl-cb"/>
      </object_component>
      <object_component id="oc-1f2">
         <name>.text:GPIOPinRead</name>
         <load_address>0x1ae2</load_address>
         <run_address>0x1ae2</run_address>
         <size>0x6</size>
         <input_file_ref idref="fl-10"/>
      </object_component>
      <object_component id="oc-1f8">
         <name>.text:GPIOPinWrite</name>
         <load_address>0x1ae8</load_address>
         <run_address>0x1ae8</run_address>
         <size>0x6</size>
         <input_file_ref idref="fl-10"/>
      </object_component>
      <object_component id="oc-188">
         <name>.text:SysCtlDelay</name>
         <load_address>0x1aee</load_address>
         <run_address>0x1aee</run_address>
         <size>0x6</size>
         <input_file_ref idref="fl-12"/>
      </object_component>
      <object_component id="oc-356">
         <name>.text:_ZN10__cxxabiv117__class_type_infoD1Ev</name>
         <load_address>0x1af4</load_address>
         <run_address>0x1af4</run_address>
         <size>0x4</size>
         <input_file_ref idref="fl-ca"/>
      </object_component>
      <object_component id="oc-394">
         <name>.text:_ZN10__cxxabiv120__si_class_type_infoD1Ev</name>
         <load_address>0x1af8</load_address>
         <run_address>0x1af8</run_address>
         <size>0x4</size>
         <input_file_ref idref="fl-ca"/>
      </object_component>
      <object_component id="oc-13a">
         <name>.text:_ZdlPvj</name>
         <load_address>0x1afc</load_address>
         <run_address>0x1afc</run_address>
         <size>0x4</size>
         <input_file_ref idref="fl-cb"/>
      </object_component>
      <object_component id="oc-9c">
         <name>.text:_system_pre_init</name>
         <load_address>0x1b00</load_address>
         <run_address>0x1b00</run_address>
         <size>0x4</size>
         <input_file_ref idref="fl-d9"/>
      </object_component>
      <object_component id="oc-fc">
         <name>.text:abort:abort</name>
         <load_address>0x1b04</load_address>
         <run_address>0x1b04</run_address>
         <size>0x4</size>
         <input_file_ref idref="fl-d1"/>
      </object_component>
      <object_component id="oc-18f">
         <name>.const:$P$T1$2</name>
         <load_address>0x1b08</load_address>
         <run_address>0x1b08</run_address>
         <size>0xc4</size>
         <input_file_ref idref="fl-4"/>
      </object_component>
      <object_component id="oc-23e">
         <name>.const:g_pui32GPIOBaseAddrs</name>
         <load_address>0x1bcc</load_address>
         <run_address>0x1bcc</run_address>
         <size>0x90</size>
         <input_file_ref idref="fl-10"/>
      </object_component>
      <object_component id="oc-3ac">
         <name>.const:.typeinfo:_ZTSN10__cxxabiv120__si_class_type_infoE</name>
         <load_address>0x1c5c</load_address>
         <run_address>0x1c5c</run_address>
         <size>0x25</size>
         <input_file_ref idref="fl-ca"/>
      </object_component>
      <object_component id="oc-36f">
         <name>.const:.typeinfo:_ZTSN10__cxxabiv117__class_type_infoE</name>
         <load_address>0x1c81</load_address>
         <run_address>0x1c81</run_address>
         <size>0x22</size>
         <input_file_ref idref="fl-ca"/>
      </object_component>
      <object_component id="oc-18e">
         <name>.const:$P$T0$1</name>
         <load_address>0x1ca4</load_address>
         <run_address>0x1ca4</run_address>
         <size>0x20</size>
         <input_file_ref idref="fl-4"/>
      </object_component>
      <object_component id="oc-209">
         <name>.const:$P$T0$1</name>
         <load_address>0x1cc4</load_address>
         <run_address>0x1cc4</run_address>
         <size>0x1c</size>
         <input_file_ref idref="fl-3"/>
      </object_component>
      <object_component id="oc-314">
         <name>.const:.string</name>
         <load_address>0x1ce0</load_address>
         <run_address>0x1ce0</run_address>
         <size>0x12</size>
         <input_file_ref idref="fl-7"/>
      </object_component>
      <object_component id="oc-1e4">
         <name>.const:_ZTV3ADC</name>
         <load_address>0x1cf4</load_address>
         <run_address>0x1cf4</run_address>
         <size>0x10</size>
         <input_file_ref idref="fl-2"/>
      </object_component>
      <object_component id="oc-204">
         <name>.const:_ZTV4GPIO</name>
         <load_address>0x1d04</load_address>
         <run_address>0x1d04</run_address>
         <size>0x10</size>
         <input_file_ref idref="fl-3"/>
      </object_component>
      <object_component id="oc-189">
         <name>.const:_ZTV6System</name>
         <load_address>0x1d14</load_address>
         <run_address>0x1d14</run_address>
         <size>0x10</size>
         <input_file_ref idref="fl-4"/>
      </object_component>
      <object_component id="oc-31b">
         <name>.const:_ZTVN10__cxxabiv117__class_type_infoE</name>
         <load_address>0x1d24</load_address>
         <run_address>0x1d24</run_address>
         <size>0x10</size>
         <input_file_ref idref="fl-ca"/>
      </object_component>
      <object_component id="oc-36a">
         <name>.const:_ZTVN10__cxxabiv120__si_class_type_infoE</name>
         <load_address>0x1d34</load_address>
         <run_address>0x1d34</run_address>
         <size>0x10</size>
         <input_file_ref idref="fl-ca"/>
      </object_component>
      <object_component id="oc-39f">
         <name>.const:.typeinfo:_ZTSSt9type_info</name>
         <load_address>0x1d44</load_address>
         <run_address>0x1d44</run_address>
         <size>0xd</size>
         <input_file_ref idref="fl-d5"/>
      </object_component>
      <object_component id="oc-351">
         <name>.const:.typeinfo:_ZTIN10__cxxabiv117__class_type_infoE</name>
         <load_address>0x1d54</load_address>
         <run_address>0x1d54</run_address>
         <size>0xc</size>
         <input_file_ref idref="fl-ca"/>
      </object_component>
      <object_component id="oc-38f">
         <name>.const:.typeinfo:_ZTIN10__cxxabiv120__si_class_type_infoE</name>
         <load_address>0x1d60</load_address>
         <run_address>0x1d60</run_address>
         <size>0xc</size>
         <input_file_ref idref="fl-ca"/>
      </object_component>
      <object_component id="oc-268">
         <name>.const:g_ui32UARTBase</name>
         <load_address>0x1d6c</load_address>
         <run_address>0x1d6c</run_address>
         <size>0xc</size>
         <input_file_ref idref="fl-7"/>
      </object_component>
      <object_component id="oc-262">
         <name>.const:g_ui32UARTPeriph</name>
         <load_address>0x1d78</load_address>
         <run_address>0x1d78</run_address>
         <size>0xc</size>
         <input_file_ref idref="fl-7"/>
      </object_component>
      <object_component id="oc-2ab">
         <name>.const:.typeinfo:_ZTI3ADC</name>
         <load_address>0x1d84</load_address>
         <run_address>0x1d84</run_address>
         <size>0x8</size>
         <input_file_ref idref="fl-2"/>
      </object_component>
      <object_component id="oc-2b6">
         <name>.const:.typeinfo:_ZTI4GPIO</name>
         <load_address>0x1d8c</load_address>
         <run_address>0x1d8c</run_address>
         <size>0x8</size>
         <input_file_ref idref="fl-3"/>
      </object_component>
      <object_component id="oc-28d">
         <name>.const:.typeinfo:_ZTI6System</name>
         <load_address>0x1d94</load_address>
         <run_address>0x1d94</run_address>
         <size>0x8</size>
         <input_file_ref idref="fl-4"/>
      </object_component>
      <object_component id="oc-374">
         <name>.const:.typeinfo:_ZTISt9type_info</name>
         <load_address>0x1d9c</load_address>
         <run_address>0x1d9c</run_address>
         <size>0x8</size>
         <input_file_ref idref="fl-d5"/>
      </object_component>
      <object_component id="oc-320">
         <name>.const:.typeinfo:_ZTS6System</name>
         <load_address>0x1da4</load_address>
         <run_address>0x1da4</run_address>
         <size>0x8</size>
         <input_file_ref idref="fl-4"/>
      </object_component>
      <object_component id="oc-32c">
         <name>.const:.typeinfo:_ZTS4GPIO</name>
         <load_address>0x1dac</load_address>
         <run_address>0x1dac</run_address>
         <size>0x6</size>
         <input_file_ref idref="fl-3"/>
      </object_component>
      <object_component id="oc-327">
         <name>.const:.typeinfo:_ZTS3ADC</name>
         <load_address>0x1db2</load_address>
         <run_address>0x1db2</run_address>
         <size>0x5</size>
         <input_file_ref idref="fl-2"/>
      </object_component>
      <object_component id="oc-270">
         <name>.const</name>
         <load_address>0x1db8</load_address>
         <run_address>0x1db8</run_address>
         <size>0x4</size>
         <input_file_ref idref="fl-7"/>
      </object_component>
      <object_component id="oc-3eb">
         <name>.cinit..data.load</name>
         <load_address>0x1dc0</load_address>
         <run_address>0x1dc0</run_address>
         <size>0xc</size>
      </object_component>
      <object_component id="oc-3e9">
         <name>__TI_handler_table</name>
         <load_address>0x1dcc</load_address>
         <run_address>0x1dcc</run_address>
         <size>0x8</size>
      </object_component>
      <object_component id="oc-3ea">
         <name>__TI_cinit_table</name>
         <load_address>0x1dd4</load_address>
         <run_address>0x1dd4</run_address>
         <size>0x8</size>
      </object_component>
      <object_component id="oc-265">
         <name>.data</name>
         <load_address>0x20001010</load_address>
         <run_address>0x20001010</run_address>
         <size>0x5</size>
         <input_file_ref idref="fl-7"/>
      </object_component>
      <object_component id="oc-211">
         <name>.data:$O1$$</name>
         <load_address>0x20001000</load_address>
         <run_address>0x20001000</run_address>
         <size>0x8</size>
         <input_file_ref idref="fl-d2"/>
      </object_component>
      <object_component id="oc-365">
         <name>.data:$O1$$</name>
         <load_address>0x20001008</load_address>
         <run_address>0x20001008</run_address>
         <size>0x8</size>
         <input_file_ref idref="fl-d3"/>
      </object_component>
      <object_component id="oc-24">
         <name>.sysmem</name>
         <uninitialized>true</uninitialized>
         <run_address>0x20001018</run_address>
         <size>0x10</size>
         <input_file_ref idref="fl-d3"/>
      </object_component>
      <object_component id="oc-3ee">
         <name>.sysmem</name>
         <uninitialized>true</uninitialized>
         <run_address>0x20001018</run_address>
         <size>0x0</size>
      </object_component>
      <object_component id="oc-27">
         <name>.stack</name>
         <uninitialized>true</uninitialized>
         <run_address>0x20000000</run_address>
         <size>0x4</size>
         <input_file_ref idref="fl-d4"/>
      </object_component>
      <object_component id="oc-3ed">
         <name>.stack</name>
         <uninitialized>true</uninitialized>
         <run_address>0x20000000</run_address>
         <size>0x0</size>
      </object_component>
      <object_component id="oc-1ea">
         <name>.debug_info</name>
         <load_address>0x0</load_address>
         <run_address>0x0</run_address>
         <size>0xd38</size>
         <input_file_ref idref="fl-2"/>
      </object_component>
      <object_component id="oc-1e5">
         <name>.debug_info</name>
         <load_address>0xd38</load_address>
         <run_address>0xd38</run_address>
         <size>0xf7</size>
         <input_file_ref idref="fl-2"/>
      </object_component>
      <object_component id="oc-2ac">
         <name>.debug_info</name>
         <load_address>0xe2f</load_address>
         <run_address>0xe2f</run_address>
         <size>0xe9</size>
         <input_file_ref idref="fl-2"/>
      </object_component>
      <object_component id="oc-328">
         <name>.debug_info</name>
         <load_address>0xf18</load_address>
         <run_address>0xf18</run_address>
         <size>0xee</size>
         <input_file_ref idref="fl-2"/>
      </object_component>
      <object_component id="oc-de">
         <name>.debug_info</name>
         <load_address>0x1006</load_address>
         <run_address>0x1006</run_address>
         <size>0x863</size>
         <input_file_ref idref="fl-2"/>
      </object_component>
      <object_component id="oc-f2">
         <name>.debug_info</name>
         <load_address>0x1869</load_address>
         <run_address>0x1869</run_address>
         <size>0x187</size>
         <input_file_ref idref="fl-2"/>
      </object_component>
      <object_component id="oc-198">
         <name>.debug_info</name>
         <load_address>0x19f0</load_address>
         <run_address>0x19f0</run_address>
         <size>0xc6</size>
         <input_file_ref idref="fl-2"/>
      </object_component>
      <object_component id="oc-ed">
         <name>.debug_info</name>
         <load_address>0x1ab6</load_address>
         <run_address>0x1ab6</run_address>
         <size>0x265</size>
         <input_file_ref idref="fl-2"/>
      </object_component>
      <object_component id="oc-e8">
         <name>.debug_info</name>
         <load_address>0x1d1b</load_address>
         <run_address>0x1d1b</run_address>
         <size>0x8b</size>
         <input_file_ref idref="fl-2"/>
      </object_component>
      <object_component id="oc-299">
         <name>.debug_info</name>
         <load_address>0x1da6</load_address>
         <run_address>0x1da6</run_address>
         <size>0x2d6</size>
         <input_file_ref idref="fl-2"/>
      </object_component>
      <object_component id="oc-19d">
         <name>.debug_info</name>
         <load_address>0x207c</load_address>
         <run_address>0x207c</run_address>
         <size>0xef</size>
         <input_file_ref idref="fl-2"/>
      </object_component>
      <object_component id="oc-193">
         <name>.debug_info</name>
         <load_address>0x216b</load_address>
         <run_address>0x216b</run_address>
         <size>0xbb</size>
         <input_file_ref idref="fl-2"/>
      </object_component>
      <object_component id="oc-294">
         <name>.debug_info</name>
         <load_address>0x2226</load_address>
         <run_address>0x2226</run_address>
         <size>0x2a1</size>
         <input_file_ref idref="fl-2"/>
      </object_component>
      <object_component id="oc-20b">
         <name>.debug_info</name>
         <load_address>0x24c7</load_address>
         <run_address>0x24c7</run_address>
         <size>0xb0c</size>
         <input_file_ref idref="fl-3"/>
      </object_component>
      <object_component id="oc-205">
         <name>.debug_info</name>
         <load_address>0x2fd3</load_address>
         <run_address>0x2fd3</run_address>
         <size>0xfa</size>
         <input_file_ref idref="fl-3"/>
      </object_component>
      <object_component id="oc-2b7">
         <name>.debug_info</name>
         <load_address>0x30cd</load_address>
         <run_address>0x30cd</run_address>
         <size>0xec</size>
         <input_file_ref idref="fl-3"/>
      </object_component>
      <object_component id="oc-32d">
         <name>.debug_info</name>
         <load_address>0x31b9</load_address>
         <run_address>0x31b9</run_address>
         <size>0xf1</size>
         <input_file_ref idref="fl-3"/>
      </object_component>
      <object_component id="oc-e2">
         <name>.debug_info</name>
         <load_address>0x32aa</load_address>
         <run_address>0x32aa</run_address>
         <size>0xb31</size>
         <input_file_ref idref="fl-3"/>
      </object_component>
      <object_component id="oc-f7">
         <name>.debug_info</name>
         <load_address>0x3ddb</load_address>
         <run_address>0x3ddb</run_address>
         <size>0x1bb</size>
         <input_file_ref idref="fl-3"/>
      </object_component>
      <object_component id="oc-191">
         <name>.debug_info</name>
         <load_address>0x3f96</load_address>
         <run_address>0x3f96</run_address>
         <size>0xbb1</size>
         <input_file_ref idref="fl-4"/>
      </object_component>
      <object_component id="oc-18a">
         <name>.debug_info</name>
         <load_address>0x4b47</load_address>
         <run_address>0x4b47</run_address>
         <size>0x101</size>
         <input_file_ref idref="fl-4"/>
      </object_component>
      <object_component id="oc-28e">
         <name>.debug_info</name>
         <load_address>0x4c48</load_address>
         <run_address>0x4c48</run_address>
         <size>0xf3</size>
         <input_file_ref idref="fl-4"/>
      </object_component>
      <object_component id="oc-321">
         <name>.debug_info</name>
         <load_address>0x4d3b</load_address>
         <run_address>0x4d3b</run_address>
         <size>0xf8</size>
         <input_file_ref idref="fl-4"/>
      </object_component>
      <object_component id="oc-d6">
         <name>.debug_info</name>
         <load_address>0x4e33</load_address>
         <run_address>0x4e33</run_address>
         <size>0x1070</size>
         <input_file_ref idref="fl-4"/>
      </object_component>
      <object_component id="oc-a3">
         <name>.debug_info</name>
         <load_address>0x5ea3</load_address>
         <run_address>0x5ea3</run_address>
         <size>0x32e</size>
         <input_file_ref idref="fl-5"/>
      </object_component>
      <object_component id="oc-32">
         <name>.debug_info</name>
         <load_address>0x61d1</load_address>
         <run_address>0x61d1</run_address>
         <size>0x2a1</size>
         <input_file_ref idref="fl-6"/>
      </object_component>
      <object_component id="oc-13">
         <name>.debug_info</name>
         <load_address>0x6472</load_address>
         <run_address>0x6472</run_address>
         <size>0xe0</size>
         <input_file_ref idref="fl-6"/>
      </object_component>
      <object_component id="oc-2b">
         <name>.debug_info</name>
         <load_address>0x6552</load_address>
         <run_address>0x6552</run_address>
         <size>0x25c</size>
         <input_file_ref idref="fl-6"/>
      </object_component>
      <object_component id="oc-77">
         <name>.debug_info</name>
         <load_address>0x67ae</load_address>
         <run_address>0x67ae</run_address>
         <size>0x26b</size>
         <input_file_ref idref="fl-6"/>
      </object_component>
      <object_component id="oc-39">
         <name>.debug_info</name>
         <load_address>0x6a19</load_address>
         <run_address>0x6a19</run_address>
         <size>0x84</size>
         <input_file_ref idref="fl-6"/>
      </object_component>
      <object_component id="oc-c0">
         <name>.debug_info</name>
         <load_address>0x6a9d</load_address>
         <run_address>0x6a9d</run_address>
         <size>0x2a4</size>
         <input_file_ref idref="fl-6"/>
      </object_component>
      <object_component id="oc-7c">
         <name>.debug_info</name>
         <load_address>0x6d41</load_address>
         <run_address>0x6d41</run_address>
         <size>0xbb</size>
         <input_file_ref idref="fl-6"/>
      </object_component>
      <object_component id="oc-274">
         <name>.debug_info</name>
         <load_address>0x6dfc</load_address>
         <run_address>0x6dfc</run_address>
         <size>0x3f7</size>
         <input_file_ref idref="fl-7"/>
      </object_component>
      <object_component id="oc-266">
         <name>.debug_info</name>
         <load_address>0x71f3</load_address>
         <run_address>0x71f3</run_address>
         <size>0xee</size>
         <input_file_ref idref="fl-7"/>
      </object_component>
      <object_component id="oc-271">
         <name>.debug_info</name>
         <load_address>0x72e1</load_address>
         <run_address>0x72e1</run_address>
         <size>0xe8</size>
         <input_file_ref idref="fl-7"/>
      </object_component>
      <object_component id="oc-269">
         <name>.debug_info</name>
         <load_address>0x73c9</load_address>
         <run_address>0x73c9</run_address>
         <size>0xf6</size>
         <input_file_ref idref="fl-7"/>
      </object_component>
      <object_component id="oc-263">
         <name>.debug_info</name>
         <load_address>0x74bf</load_address>
         <run_address>0x74bf</run_address>
         <size>0xfa</size>
         <input_file_ref idref="fl-7"/>
      </object_component>
      <object_component id="oc-15c">
         <name>.debug_info</name>
         <load_address>0x75b9</load_address>
         <run_address>0x75b9</run_address>
         <size>0x92f</size>
         <input_file_ref idref="fl-7"/>
      </object_component>
      <object_component id="oc-275">
         <name>.debug_info</name>
         <load_address>0x7ee8</load_address>
         <run_address>0x7ee8</run_address>
         <size>0x2c</size>
         <input_file_ref idref="fl-7"/>
      </object_component>
      <object_component id="oc-2a1">
         <name>.debug_info</name>
         <load_address>0x7f14</load_address>
         <run_address>0x7f14</run_address>
         <size>0x24d</size>
         <input_file_ref idref="fl-e"/>
      </object_component>
      <object_component id="oc-1be">
         <name>.debug_info</name>
         <load_address>0x8161</load_address>
         <run_address>0x8161</run_address>
         <size>0x333</size>
         <input_file_ref idref="fl-e"/>
      </object_component>
      <object_component id="oc-1c4">
         <name>.debug_info</name>
         <load_address>0x8494</load_address>
         <run_address>0x8494</run_address>
         <size>0x2a0</size>
         <input_file_ref idref="fl-e"/>
      </object_component>
      <object_component id="oc-1b2">
         <name>.debug_info</name>
         <load_address>0x8734</load_address>
         <run_address>0x8734</run_address>
         <size>0x2a2</size>
         <input_file_ref idref="fl-e"/>
      </object_component>
      <object_component id="oc-1e2">
         <name>.debug_info</name>
         <load_address>0x89d6</load_address>
         <run_address>0x89d6</run_address>
         <size>0x2ff</size>
         <input_file_ref idref="fl-e"/>
      </object_component>
      <object_component id="oc-1b8">
         <name>.debug_info</name>
         <load_address>0x8cd5</load_address>
         <run_address>0x8cd5</run_address>
         <size>0x326</size>
         <input_file_ref idref="fl-e"/>
      </object_component>
      <object_component id="oc-1d6">
         <name>.debug_info</name>
         <load_address>0x8ffb</load_address>
         <run_address>0x8ffb</run_address>
         <size>0x2a4</size>
         <input_file_ref idref="fl-e"/>
      </object_component>
      <object_component id="oc-1dc">
         <name>.debug_info</name>
         <load_address>0x929f</load_address>
         <run_address>0x929f</run_address>
         <size>0x2e7</size>
         <input_file_ref idref="fl-e"/>
      </object_component>
      <object_component id="oc-1ca">
         <name>.debug_info</name>
         <load_address>0x9586</load_address>
         <run_address>0x9586</run_address>
         <size>0x294</size>
         <input_file_ref idref="fl-e"/>
      </object_component>
      <object_component id="oc-1d0">
         <name>.debug_info</name>
         <load_address>0x981a</load_address>
         <run_address>0x981a</run_address>
         <size>0x2c1</size>
         <input_file_ref idref="fl-e"/>
      </object_component>
      <object_component id="oc-237">
         <name>.debug_info</name>
         <load_address>0x9adb</load_address>
         <run_address>0x9adb</run_address>
         <size>0x18b</size>
         <input_file_ref idref="fl-e"/>
      </object_component>
      <object_component id="oc-178">
         <name>.debug_info</name>
         <load_address>0x9c66</load_address>
         <run_address>0x9c66</run_address>
         <size>0x225</size>
         <input_file_ref idref="fl-f"/>
      </object_component>
      <object_component id="oc-17d">
         <name>.debug_info</name>
         <load_address>0x9e8b</load_address>
         <run_address>0x9e8b</run_address>
         <size>0x20d</size>
         <input_file_ref idref="fl-f"/>
      </object_component>
      <object_component id="oc-242">
         <name>.debug_info</name>
         <load_address>0xa098</load_address>
         <run_address>0xa098</run_address>
         <size>0x240</size>
         <input_file_ref idref="fl-10"/>
      </object_component>
      <object_component id="oc-23f">
         <name>.debug_info</name>
         <load_address>0xa2d8</load_address>
         <run_address>0xa2d8</run_address>
         <size>0x15b</size>
         <input_file_ref idref="fl-10"/>
      </object_component>
      <object_component id="oc-1f9">
         <name>.debug_info</name>
         <load_address>0xa433</load_address>
         <run_address>0xa433</run_address>
         <size>0x2a3</size>
         <input_file_ref idref="fl-10"/>
      </object_component>
      <object_component id="oc-1ed">
         <name>.debug_info</name>
         <load_address>0xa6d6</load_address>
         <run_address>0xa6d6</run_address>
         <size>0x2b3</size>
         <input_file_ref idref="fl-10"/>
      </object_component>
      <object_component id="oc-1ff">
         <name>.debug_info</name>
         <load_address>0xa989</load_address>
         <run_address>0xa989</run_address>
         <size>0x316</size>
         <input_file_ref idref="fl-10"/>
      </object_component>
      <object_component id="oc-153">
         <name>.debug_info</name>
         <load_address>0xac9f</load_address>
         <run_address>0xac9f</run_address>
         <size>0x27b</size>
         <input_file_ref idref="fl-10"/>
      </object_component>
      <object_component id="oc-1a9">
         <name>.debug_info</name>
         <load_address>0xaf1a</load_address>
         <run_address>0xaf1a</run_address>
         <size>0x279</size>
         <input_file_ref idref="fl-10"/>
      </object_component>
      <object_component id="oc-1f3">
         <name>.debug_info</name>
         <load_address>0xb193</load_address>
         <run_address>0xb193</run_address>
         <size>0x27b</size>
         <input_file_ref idref="fl-10"/>
      </object_component>
      <object_component id="oc-14d">
         <name>.debug_info</name>
         <load_address>0xb40e</load_address>
         <run_address>0xb40e</run_address>
         <size>0x280</size>
         <input_file_ref idref="fl-10"/>
      </object_component>
      <object_component id="oc-15f">
         <name>.debug_info</name>
         <load_address>0xb68e</load_address>
         <run_address>0xb68e</run_address>
         <size>0x23e</size>
         <input_file_ref idref="fl-11"/>
      </object_component>
      <object_component id="oc-165">
         <name>.debug_info</name>
         <load_address>0xb8cc</load_address>
         <run_address>0xb8cc</run_address>
         <size>0x240</size>
         <input_file_ref idref="fl-11"/>
      </object_component>
      <object_component id="oc-23c">
         <name>.debug_info</name>
         <load_address>0xbb0c</load_address>
         <run_address>0xbb0c</run_address>
         <size>0x298</size>
         <input_file_ref idref="fl-12"/>
      </object_component>
      <object_component id="oc-16c">
         <name>.debug_info</name>
         <load_address>0xbda4</load_address>
         <run_address>0xbda4</run_address>
         <size>0x295</size>
         <input_file_ref idref="fl-12"/>
      </object_component>
      <object_component id="oc-1a4">
         <name>.debug_info</name>
         <load_address>0xc039</load_address>
         <run_address>0xc039</run_address>
         <size>0x27f</size>
         <input_file_ref idref="fl-12"/>
      </object_component>
      <object_component id="oc-246">
         <name>.debug_info</name>
         <load_address>0xc2b8</load_address>
         <run_address>0xc2b8</run_address>
         <size>0x283</size>
         <input_file_ref idref="fl-12"/>
      </object_component>
      <object_component id="oc-148">
         <name>.debug_info</name>
         <load_address>0xc53b</load_address>
         <run_address>0xc53b</run_address>
         <size>0x27d</size>
         <input_file_ref idref="fl-12"/>
      </object_component>
      <object_component id="oc-172">
         <name>.debug_info</name>
         <load_address>0xc7b8</load_address>
         <run_address>0xc7b8</run_address>
         <size>0x27f</size>
         <input_file_ref idref="fl-12"/>
      </object_component>
      <object_component id="oc-183">
         <name>.debug_info</name>
         <load_address>0xca37</load_address>
         <run_address>0xca37</run_address>
         <size>0x263</size>
         <input_file_ref idref="fl-12"/>
      </object_component>
      <object_component id="oc-142">
         <name>.debug_info</name>
         <load_address>0xcc9a</load_address>
         <run_address>0xcc9a</run_address>
         <size>0x2db</size>
         <input_file_ref idref="fl-12"/>
      </object_component>
      <object_component id="oc-2f3">
         <name>.debug_info</name>
         <load_address>0xcf75</load_address>
         <run_address>0xcf75</run_address>
         <size>0x5f</size>
         <input_file_ref idref="fl-12"/>
      </object_component>
      <object_component id="oc-304">
         <name>.debug_info</name>
         <load_address>0xcfd4</load_address>
         <run_address>0xcfd4</run_address>
         <size>0x227</size>
         <input_file_ref idref="fl-13"/>
      </object_component>
      <object_component id="oc-251">
         <name>.debug_info</name>
         <load_address>0xd1fb</load_address>
         <run_address>0xd1fb</run_address>
         <size>0x247</size>
         <input_file_ref idref="fl-13"/>
      </object_component>
      <object_component id="oc-2fe">
         <name>.debug_info</name>
         <load_address>0xd442</load_address>
         <run_address>0xd442</run_address>
         <size>0x249</size>
         <input_file_ref idref="fl-13"/>
      </object_component>
      <object_component id="oc-24b">
         <name>.debug_info</name>
         <load_address>0xd68b</load_address>
         <run_address>0xd68b</run_address>
         <size>0x326</size>
         <input_file_ref idref="fl-13"/>
      </object_component>
      <object_component id="oc-257">
         <name>.debug_info</name>
         <load_address>0xd9b1</load_address>
         <run_address>0xd9b1</run_address>
         <size>0x273</size>
         <input_file_ref idref="fl-13"/>
      </object_component>
      <object_component id="oc-25d">
         <name>.debug_info</name>
         <load_address>0xdc24</load_address>
         <run_address>0xdc24</run_address>
         <size>0x24d</size>
         <input_file_ref idref="fl-13"/>
      </object_component>
      <object_component id="oc-27d">
         <name>.debug_info</name>
         <load_address>0xde71</load_address>
         <run_address>0xde71</run_address>
         <size>0x212</size>
         <input_file_ref idref="fl-14"/>
      </object_component>
      <object_component id="oc-282">
         <name>.debug_info</name>
         <load_address>0xe083</load_address>
         <run_address>0xe083</run_address>
         <size>0x20f</size>
         <input_file_ref idref="fl-14"/>
      </object_component>
      <object_component id="oc-362">
         <name>.debug_info</name>
         <load_address>0xe292</load_address>
         <run_address>0xe292</run_address>
         <size>0x8a0</size>
         <input_file_ref idref="fl-ca"/>
      </object_component>
      <object_component id="oc-31c">
         <name>.debug_info</name>
         <load_address>0xeb32</load_address>
         <run_address>0xeb32</run_address>
         <size>0x155</size>
         <input_file_ref idref="fl-ca"/>
      </object_component>
      <object_component id="oc-36b">
         <name>.debug_info</name>
         <load_address>0xec87</load_address>
         <run_address>0xec87</run_address>
         <size>0x15b</size>
         <input_file_ref idref="fl-ca"/>
      </object_component>
      <object_component id="oc-352">
         <name>.debug_info</name>
         <load_address>0xede2</load_address>
         <run_address>0xede2</run_address>
         <size>0x147</size>
         <input_file_ref idref="fl-ca"/>
      </object_component>
      <object_component id="oc-390">
         <name>.debug_info</name>
         <load_address>0xef29</load_address>
         <run_address>0xef29</run_address>
         <size>0x14d</size>
         <input_file_ref idref="fl-ca"/>
      </object_component>
      <object_component id="oc-370">
         <name>.debug_info</name>
         <load_address>0xf076</load_address>
         <run_address>0xf076</run_address>
         <size>0x14c</size>
         <input_file_ref idref="fl-ca"/>
      </object_component>
      <object_component id="oc-3ad">
         <name>.debug_info</name>
         <load_address>0xf1c2</load_address>
         <run_address>0xf1c2</run_address>
         <size>0x152</size>
         <input_file_ref idref="fl-ca"/>
      </object_component>
      <object_component id="oc-357">
         <name>.debug_info</name>
         <load_address>0xf314</load_address>
         <run_address>0xf314</run_address>
         <size>0x18f</size>
         <input_file_ref idref="fl-ca"/>
      </object_component>
      <object_component id="oc-395">
         <name>.debug_info</name>
         <load_address>0xf4a3</load_address>
         <run_address>0xf4a3</run_address>
         <size>0x1a8</size>
         <input_file_ref idref="fl-ca"/>
      </object_component>
      <object_component id="oc-39b">
         <name>.debug_info</name>
         <load_address>0xf64b</load_address>
         <run_address>0xf64b</run_address>
         <size>0x19c</size>
         <input_file_ref idref="fl-ca"/>
      </object_component>
      <object_component id="oc-35d">
         <name>.debug_info</name>
         <load_address>0xf7e7</load_address>
         <run_address>0xf7e7</run_address>
         <size>0x183</size>
         <input_file_ref idref="fl-ca"/>
      </object_component>
      <object_component id="oc-380">
         <name>.debug_info</name>
         <load_address>0xf96a</load_address>
         <run_address>0xf96a</run_address>
         <size>0x59b</size>
         <input_file_ref idref="fl-ca"/>
      </object_component>
      <object_component id="oc-2e7">
         <name>.debug_info</name>
         <load_address>0xff05</load_address>
         <run_address>0xff05</run_address>
         <size>0x2c</size>
         <input_file_ref idref="fl-ca"/>
      </object_component>
      <object_component id="oc-388">
         <name>.debug_info</name>
         <load_address>0xff31</load_address>
         <run_address>0xff31</run_address>
         <size>0x110</size>
         <input_file_ref idref="fl-ca"/>
      </object_component>
      <object_component id="oc-234">
         <name>.debug_info</name>
         <load_address>0x10041</load_address>
         <run_address>0x10041</run_address>
         <size>0x33b</size>
         <input_file_ref idref="fl-cb"/>
      </object_component>
      <object_component id="oc-230">
         <name>.debug_info</name>
         <load_address>0x1037c</load_address>
         <run_address>0x1037c</run_address>
         <size>0x17b</size>
         <input_file_ref idref="fl-cb"/>
      </object_component>
      <object_component id="oc-13c">
         <name>.debug_info</name>
         <load_address>0x104f7</load_address>
         <run_address>0x104f7</run_address>
         <size>0x178</size>
         <input_file_ref idref="fl-cb"/>
      </object_component>
      <object_component id="oc-2ec">
         <name>.debug_info</name>
         <load_address>0x1066f</load_address>
         <run_address>0x1066f</run_address>
         <size>0x6c</size>
         <input_file_ref idref="fl-cb"/>
      </object_component>
      <object_component id="oc-26e">
         <name>.debug_info</name>
         <load_address>0x106db</load_address>
         <run_address>0x106db</run_address>
         <size>0x142</size>
         <input_file_ref idref="fl-cc"/>
      </object_component>
      <object_component id="oc-3f">
         <name>.debug_info</name>
         <load_address>0x1081d</load_address>
         <run_address>0x1081d</run_address>
         <size>0x119</size>
         <input_file_ref idref="fl-cd"/>
      </object_component>
      <object_component id="oc-49">
         <name>.debug_info</name>
         <load_address>0x10936</load_address>
         <run_address>0x10936</run_address>
         <size>0x2a8</size>
         <input_file_ref idref="fl-cf"/>
      </object_component>
      <object_component id="oc-1e">
         <name>.debug_info</name>
         <load_address>0x10bde</load_address>
         <run_address>0x10bde</run_address>
         <size>0x1ea</size>
         <input_file_ref idref="fl-cf"/>
      </object_component>
      <object_component id="oc-44">
         <name>.debug_info</name>
         <load_address>0x10dc8</load_address>
         <run_address>0x10dc8</run_address>
         <size>0x46</size>
         <input_file_ref idref="fl-cf"/>
      </object_component>
      <object_component id="oc-88">
         <name>.debug_info</name>
         <load_address>0x10e0e</load_address>
         <run_address>0x10e0e</run_address>
         <size>0x2c</size>
         <input_file_ref idref="fl-cf"/>
      </object_component>
      <object_component id="oc-86">
         <name>.debug_info</name>
         <load_address>0x10e3a</load_address>
         <run_address>0x10e3a</run_address>
         <size>0x29e</size>
         <input_file_ref idref="fl-d0"/>
      </object_component>
      <object_component id="oc-19">
         <name>.debug_info</name>
         <load_address>0x110d8</load_address>
         <run_address>0x110d8</run_address>
         <size>0x250</size>
         <input_file_ref idref="fl-d0"/>
      </object_component>
      <object_component id="oc-34">
         <name>.debug_info</name>
         <load_address>0x11328</load_address>
         <run_address>0x11328</run_address>
         <size>0x60</size>
         <input_file_ref idref="fl-d0"/>
      </object_component>
      <object_component id="oc-c5">
         <name>.debug_info</name>
         <load_address>0x11388</load_address>
         <run_address>0x11388</run_address>
         <size>0x46</size>
         <input_file_ref idref="fl-d0"/>
      </object_component>
      <object_component id="oc-81">
         <name>.debug_info</name>
         <load_address>0x113ce</load_address>
         <run_address>0x113ce</run_address>
         <size>0x39</size>
         <input_file_ref idref="fl-d0"/>
      </object_component>
      <object_component id="oc-ff">
         <name>.debug_info</name>
         <load_address>0x11407</load_address>
         <run_address>0x11407</run_address>
         <size>0x122</size>
         <input_file_ref idref="fl-d1"/>
      </object_component>
      <object_component id="oc-2c7">
         <name>.debug_info</name>
         <load_address>0x11529</load_address>
         <run_address>0x11529</run_address>
         <size>0x2c9</size>
         <input_file_ref idref="fl-d2"/>
      </object_component>
      <object_component id="oc-212">
         <name>.debug_info</name>
         <load_address>0x117f2</load_address>
         <run_address>0x117f2</run_address>
         <size>0x11e</size>
         <input_file_ref idref="fl-d2"/>
      </object_component>
      <object_component id="oc-2c1">
         <name>.debug_info</name>
         <load_address>0x11910</load_address>
         <run_address>0x11910</run_address>
         <size>0x12e</size>
         <input_file_ref idref="fl-d2"/>
      </object_component>
      <object_component id="oc-70">
         <name>.debug_info</name>
         <load_address>0x11a3e</load_address>
         <run_address>0x11a3e</run_address>
         <size>0x3b2</size>
         <input_file_ref idref="fl-d3"/>
      </object_component>
      <object_component id="oc-25">
         <name>.debug_info</name>
         <load_address>0x11df0</load_address>
         <run_address>0x11df0</run_address>
         <size>0x10c</size>
         <input_file_ref idref="fl-d3"/>
      </object_component>
      <object_component id="oc-366">
         <name>.debug_info</name>
         <load_address>0x11efc</load_address>
         <run_address>0x11efc</run_address>
         <size>0x13f</size>
         <input_file_ref idref="fl-d3"/>
      </object_component>
      <object_component id="oc-342">
         <name>.debug_info</name>
         <load_address>0x1203b</load_address>
         <run_address>0x1203b</run_address>
         <size>0x18e</size>
         <input_file_ref idref="fl-d3"/>
      </object_component>
      <object_component id="oc-347">
         <name>.debug_info</name>
         <load_address>0x121c9</load_address>
         <run_address>0x121c9</run_address>
         <size>0x19f</size>
         <input_file_ref idref="fl-d3"/>
      </object_component>
      <object_component id="oc-2e0">
         <name>.debug_info</name>
         <load_address>0x12368</load_address>
         <run_address>0x12368</run_address>
         <size>0x203</size>
         <input_file_ref idref="fl-d3"/>
      </object_component>
      <object_component id="oc-bb">
         <name>.debug_info</name>
         <load_address>0x1256b</load_address>
         <run_address>0x1256b</run_address>
         <size>0xb2</size>
         <input_file_ref idref="fl-d3"/>
      </object_component>
      <object_component id="oc-b6">
         <name>.debug_info</name>
         <load_address>0x1261d</load_address>
         <run_address>0x1261d</run_address>
         <size>0x2c</size>
         <input_file_ref idref="fl-d3"/>
      </object_component>
      <object_component id="oc-28">
         <name>.debug_info</name>
         <load_address>0x12649</load_address>
         <run_address>0x12649</run_address>
         <size>0x10b</size>
         <input_file_ref idref="fl-d4"/>
      </object_component>
      <object_component id="oc-5e">
         <name>.debug_info</name>
         <load_address>0x12754</load_address>
         <run_address>0x12754</run_address>
         <size>0x1a9</size>
         <input_file_ref idref="fl-d4"/>
      </object_component>
      <object_component id="oc-3a4">
         <name>.debug_info</name>
         <load_address>0x128fd</load_address>
         <run_address>0x128fd</run_address>
         <size>0x6a7</size>
         <input_file_ref idref="fl-d5"/>
      </object_component>
      <object_component id="oc-375">
         <name>.debug_info</name>
         <load_address>0x12fa4</load_address>
         <run_address>0x12fa4</run_address>
         <size>0x12c</size>
         <input_file_ref idref="fl-d5"/>
      </object_component>
      <object_component id="oc-3a0">
         <name>.debug_info</name>
         <load_address>0x130d0</load_address>
         <run_address>0x130d0</run_address>
         <size>0x131</size>
         <input_file_ref idref="fl-d5"/>
      </object_component>
      <object_component id="oc-37a">
         <name>.debug_info</name>
         <load_address>0x13201</load_address>
         <run_address>0x13201</run_address>
         <size>0x177</size>
         <input_file_ref idref="fl-d5"/>
      </object_component>
      <object_component id="oc-3b6">
         <name>.debug_info</name>
         <load_address>0x13378</load_address>
         <run_address>0x13378</run_address>
         <size>0x2c</size>
         <input_file_ref idref="fl-d5"/>
      </object_component>
      <object_component id="oc-3a7">
         <name>.debug_info</name>
         <load_address>0x133a4</load_address>
         <run_address>0x133a4</run_address>
         <size>0x21e</size>
         <input_file_ref idref="fl-d5"/>
      </object_component>
      <object_component id="oc-3bb">
         <name>.debug_info</name>
         <load_address>0x135c2</load_address>
         <run_address>0x135c2</run_address>
         <size>0x9c</size>
         <input_file_ref idref="fl-d5"/>
      </object_component>
      <object_component id="oc-30f">
         <name>.debug_info</name>
         <load_address>0x1365e</load_address>
         <run_address>0x1365e</run_address>
         <size>0x115</size>
         <input_file_ref idref="fl-d6"/>
      </object_component>
      <object_component id="oc-218">
         <name>.debug_info</name>
         <load_address>0x13773</load_address>
         <run_address>0x13773</run_address>
         <size>0x4b3</size>
         <input_file_ref idref="fl-d8"/>
      </object_component>
      <object_component id="oc-10a">
         <name>.debug_info</name>
         <load_address>0x13c26</load_address>
         <run_address>0x13c26</run_address>
         <size>0x1a6</size>
         <input_file_ref idref="fl-d8"/>
      </object_component>
      <object_component id="oc-2cd">
         <name>.debug_info</name>
         <load_address>0x13dcc</load_address>
         <run_address>0x13dcc</run_address>
         <size>0x39</size>
         <input_file_ref idref="fl-d8"/>
      </object_component>
      <object_component id="oc-334">
         <name>.debug_info</name>
         <load_address>0x13e05</load_address>
         <run_address>0x13e05</run_address>
         <size>0x39</size>
         <input_file_ref idref="fl-d8"/>
      </object_component>
      <object_component id="oc-2d2">
         <name>.debug_info</name>
         <load_address>0x13e3e</load_address>
         <run_address>0x13e3e</run_address>
         <size>0x39</size>
         <input_file_ref idref="fl-d8"/>
      </object_component>
      <object_component id="oc-2d7">
         <name>.debug_info</name>
         <load_address>0x13e77</load_address>
         <run_address>0x13e77</run_address>
         <size>0xcd</size>
         <input_file_ref idref="fl-d8"/>
      </object_component>
      <object_component id="oc-9e">
         <name>.debug_info</name>
         <load_address>0x13f44</load_address>
         <run_address>0x13f44</run_address>
         <size>0x153</size>
         <input_file_ref idref="fl-d9"/>
      </object_component>
      <object_component id="oc-3ef">
         <name>.debug_info</name>
         <load_address>0x14097</load_address>
         <run_address>0x14097</run_address>
         <size>0x93</size>
      </object_component>
      <object_component id="oc-2b1">
         <name>.debug_line</name>
         <load_address>0x0</load_address>
         <run_address>0x0</run_address>
         <size>0x147</size>
         <input_file_ref idref="fl-2"/>
      </object_component>
      <object_component id="oc-1e8">
         <name>.debug_line</name>
         <load_address>0x147</load_address>
         <run_address>0x147</run_address>
         <size>0x4a</size>
         <input_file_ref idref="fl-2"/>
      </object_component>
      <object_component id="oc-2af">
         <name>.debug_line</name>
         <load_address>0x191</load_address>
         <run_address>0x191</run_address>
         <size>0x4a</size>
         <input_file_ref idref="fl-2"/>
      </object_component>
      <object_component id="oc-32b">
         <name>.debug_line</name>
         <load_address>0x1db</load_address>
         <run_address>0x1db</run_address>
         <size>0x4a</size>
         <input_file_ref idref="fl-2"/>
      </object_component>
      <object_component id="oc-dd">
         <name>.debug_line</name>
         <load_address>0x225</load_address>
         <run_address>0x225</run_address>
         <size>0x181</size>
         <input_file_ref idref="fl-2"/>
      </object_component>
      <object_component id="oc-f5">
         <name>.debug_line</name>
         <load_address>0x3a6</load_address>
         <run_address>0x3a6</run_address>
         <size>0x48</size>
         <input_file_ref idref="fl-2"/>
      </object_component>
      <object_component id="oc-19b">
         <name>.debug_line</name>
         <load_address>0x3ee</load_address>
         <run_address>0x3ee</run_address>
         <size>0x4f</size>
         <input_file_ref idref="fl-2"/>
      </object_component>
      <object_component id="oc-f0">
         <name>.debug_line</name>
         <load_address>0x43d</load_address>
         <run_address>0x43d</run_address>
         <size>0x4b</size>
         <input_file_ref idref="fl-2"/>
      </object_component>
      <object_component id="oc-eb">
         <name>.debug_line</name>
         <load_address>0x488</load_address>
         <run_address>0x488</run_address>
         <size>0x20</size>
         <input_file_ref idref="fl-2"/>
      </object_component>
      <object_component id="oc-29c">
         <name>.debug_line</name>
         <load_address>0x4a8</load_address>
         <run_address>0x4a8</run_address>
         <size>0x73</size>
         <input_file_ref idref="fl-2"/>
      </object_component>
      <object_component id="oc-1a0">
         <name>.debug_line</name>
         <load_address>0x51b</load_address>
         <run_address>0x51b</run_address>
         <size>0x6f</size>
         <input_file_ref idref="fl-2"/>
      </object_component>
      <object_component id="oc-196">
         <name>.debug_line</name>
         <load_address>0x58a</load_address>
         <run_address>0x58a</run_address>
         <size>0x70</size>
         <input_file_ref idref="fl-2"/>
      </object_component>
      <object_component id="oc-297">
         <name>.debug_line</name>
         <load_address>0x5fa</load_address>
         <run_address>0x5fa</run_address>
         <size>0x6f</size>
         <input_file_ref idref="fl-2"/>
      </object_component>
      <object_component id="oc-2bc">
         <name>.debug_line</name>
         <load_address>0x669</load_address>
         <run_address>0x669</run_address>
         <size>0xde</size>
         <input_file_ref idref="fl-3"/>
      </object_component>
      <object_component id="oc-208">
         <name>.debug_line</name>
         <load_address>0x747</load_address>
         <run_address>0x747</run_address>
         <size>0x4b</size>
         <input_file_ref idref="fl-3"/>
      </object_component>
      <object_component id="oc-2ba">
         <name>.debug_line</name>
         <load_address>0x792</load_address>
         <run_address>0x792</run_address>
         <size>0x4b</size>
         <input_file_ref idref="fl-3"/>
      </object_component>
      <object_component id="oc-330">
         <name>.debug_line</name>
         <load_address>0x7dd</load_address>
         <run_address>0x7dd</run_address>
         <size>0x4b</size>
         <input_file_ref idref="fl-3"/>
      </object_component>
      <object_component id="oc-e5">
         <name>.debug_line</name>
         <load_address>0x828</load_address>
         <run_address>0x828</run_address>
         <size>0x1a8</size>
         <input_file_ref idref="fl-3"/>
      </object_component>
      <object_component id="oc-fa">
         <name>.debug_line</name>
         <load_address>0x9d0</load_address>
         <run_address>0x9d0</run_address>
         <size>0x49</size>
         <input_file_ref idref="fl-3"/>
      </object_component>
      <object_component id="oc-293">
         <name>.debug_line</name>
         <load_address>0xa19</load_address>
         <run_address>0xa19</run_address>
         <size>0x153</size>
         <input_file_ref idref="fl-4"/>
      </object_component>
      <object_component id="oc-18d">
         <name>.debug_line</name>
         <load_address>0xb6c</load_address>
         <run_address>0xb6c</run_address>
         <size>0x4d</size>
         <input_file_ref idref="fl-4"/>
      </object_component>
      <object_component id="oc-291">
         <name>.debug_line</name>
         <load_address>0xbb9</load_address>
         <run_address>0xbb9</run_address>
         <size>0x4d</size>
         <input_file_ref idref="fl-4"/>
      </object_component>
      <object_component id="oc-324">
         <name>.debug_line</name>
         <load_address>0xc06</load_address>
         <run_address>0xc06</run_address>
         <size>0x4d</size>
         <input_file_ref idref="fl-4"/>
      </object_component>
      <object_component id="oc-d9">
         <name>.debug_line</name>
         <load_address>0xc53</load_address>
         <run_address>0xc53</run_address>
         <size>0x24e</size>
         <input_file_ref idref="fl-4"/>
      </object_component>
      <object_component id="oc-a6">
         <name>.debug_line</name>
         <load_address>0xea1</load_address>
         <run_address>0xea1</run_address>
         <size>0x6c</size>
         <input_file_ref idref="fl-5"/>
      </object_component>
      <object_component id="oc-76">
         <name>.debug_line</name>
         <load_address>0xf0d</load_address>
         <run_address>0xf0d</run_address>
         <size>0x41</size>
         <input_file_ref idref="fl-6"/>
      </object_component>
      <object_component id="oc-31">
         <name>.debug_line</name>
         <load_address>0xf4e</load_address>
         <run_address>0xf4e</run_address>
         <size>0x41</size>
         <input_file_ref idref="fl-6"/>
      </object_component>
      <object_component id="oc-2e">
         <name>.debug_line</name>
         <load_address>0xf8f</load_address>
         <run_address>0xf8f</run_address>
         <size>0xa1</size>
         <input_file_ref idref="fl-6"/>
      </object_component>
      <object_component id="oc-7a">
         <name>.debug_line</name>
         <load_address>0x1030</load_address>
         <run_address>0x1030</run_address>
         <size>0x6f</size>
         <input_file_ref idref="fl-6"/>
      </object_component>
      <object_component id="oc-3c">
         <name>.debug_line</name>
         <load_address>0x109f</load_address>
         <run_address>0x109f</run_address>
         <size>0x20</size>
         <input_file_ref idref="fl-6"/>
      </object_component>
      <object_component id="oc-c3">
         <name>.debug_line</name>
         <load_address>0x10bf</load_address>
         <run_address>0x10bf</run_address>
         <size>0x73</size>
         <input_file_ref idref="fl-6"/>
      </object_component>
      <object_component id="oc-7f">
         <name>.debug_line</name>
         <load_address>0x1132</load_address>
         <run_address>0x1132</run_address>
         <size>0x70</size>
         <input_file_ref idref="fl-6"/>
      </object_component>
      <object_component id="oc-318">
         <name>.debug_line</name>
         <load_address>0x11a2</load_address>
         <run_address>0x11a2</run_address>
         <size>0x88</size>
         <input_file_ref idref="fl-7"/>
      </object_component>
      <object_component id="oc-30b">
         <name>.debug_line</name>
         <load_address>0x122a</load_address>
         <run_address>0x122a</run_address>
         <size>0x54</size>
         <input_file_ref idref="fl-7"/>
      </object_component>
      <object_component id="oc-316">
         <name>.debug_line</name>
         <load_address>0x127e</load_address>
         <run_address>0x127e</run_address>
         <size>0x54</size>
         <input_file_ref idref="fl-7"/>
      </object_component>
      <object_component id="oc-30d">
         <name>.debug_line</name>
         <load_address>0x12d2</load_address>
         <run_address>0x12d2</run_address>
         <size>0x54</size>
         <input_file_ref idref="fl-7"/>
      </object_component>
      <object_component id="oc-309">
         <name>.debug_line</name>
         <load_address>0x1326</load_address>
         <run_address>0x1326</run_address>
         <size>0x54</size>
         <input_file_ref idref="fl-7"/>
[...]
         <object_component_ref idref="oc-e1"/>
      </symbol>
      <symbol id="sm-fa">
         <name>_ZN4GPIOC2Ev</name>
         <value>0xe49</value>
         <object_component_ref idref="oc-e1"/>
      </symbol>
      <symbol id="sm-fb">
         <name>_ZN4GPIO10getCurrentEv</name>
         <value>0xf85</value>
         <object_component_ref idref="oc-e1"/>
      </symbol>
      <symbol id="sm-fc">
         <name>_ZN4GPIOC1Ev</name>
         <value>0xe49</value>
         <object_component_ref idref="oc-e1"/>
      </symbol>
      <symbol id="sm-fd">
         <name>_ZN4GPIOD2Ev</name>
         <value>0xe67</value>
         <object_component_ref idref="oc-e1"/>
      </symbol>
      <symbol id="sm-fe">
         <name>_ZN4GPIO11setPulldownEb</name>
         <value>0x103d</value>
         <object_component_ref idref="oc-e1"/>
      </symbol>
      <symbol id="sm-ff">
         <name>_ZN4GPIO13refreshConfigEv</name>
         <value>0x1061</value>
         <object_component_ref idref="oc-e1"/>
      </symbol>
      <symbol id="sm-100">
         <name>_ZN4GPIO5writeEb</name>
         <value>0xf63</value>
         <object_component_ref idref="oc-e1"/>
      </symbol>
      <symbol id="sm-101">
         <name>_ZN4GPIOD1Ev</name>
         <value>0xe67</value>
         <object_component_ref idref="oc-e1"/>
      </symbol>
      <symbol id="sm-102">
         <name>_ZN4GPIO4readEv</name>
         <value>0xf45</value>
         <object_component_ref idref="oc-e1"/>
      </symbol>
      <symbol id="sm-103">
         <name>_ZN4GPIO10setCurrentEj</name>
         <value>0xfd9</value>
         <object_component_ref idref="oc-e1"/>
      </symbol>
      <symbol id="sm-104">
         <name>_ZTI4GPIO</name>
         <value>0x1d8c</value>
         <object_component_ref idref="oc-2b6"/>
      </symbol>
      <symbol id="sm-105">
         <name>_ZTV4GPIO</name>
         <value>0x1d04</value>
         <object_component_ref idref="oc-204"/>
      </symbol>
      <symbol id="sm-106">
         <name>_ZN4GPIOD0Ev</name>
         <value>0xe73</value>
         <object_component_ref idref="oc-e1"/>
      </symbol>
      <symbol id="sm-107">
         <name>_ZTS4GPIO</name>
         <value>0x1dac</value>
         <object_component_ref idref="oc-32c"/>
      </symbol>
      <symbol id="sm-172">
         <name>_ZN6System7delayUSEj</name>
         <value>0x98f</value>
         <object_component_ref idref="oc-d5"/>
      </symbol>
      <symbol id="sm-173">
         <name>_ZN6SystemD0Ev</name>
         <value>0x7b5</value>
         <object_component_ref idref="oc-d5"/>
      </symbol>
      <symbol id="sm-174">
         <name>_ZN6System12setDebuggingEb</name>
         <value>0x9b1</value>
         <object_component_ref idref="oc-d5"/>
      </symbol>
      <symbol id="sm-175">
         <name>_ZN6System9enableFPUEv</name>
         <value>0x8eb</value>
         <object_component_ref idref="oc-d5"/>
      </symbol>
      <symbol id="sm-176">
         <name>_ZTV6System</name>
         <value>0x1d14</value>
         <object_component_ref idref="oc-189"/>
      </symbol>
      <symbol id="sm-177">
         <name>_ZTS6System</name>
         <value>0x1da4</value>
         <object_component_ref idref="oc-320"/>
      </symbol>
      <symbol id="sm-178">
         <name>_ZTI6System</name>
         <value>0x1d94</value>
         <object_component_ref idref="oc-28d"/>
      </symbol>
      <symbol id="sm-179">
         <name>_ZN6System11setDebugValEPKci</name>
         <value>0x9d5</value>
         <object_component_ref idref="oc-d5"/>
      </symbol>
      <symbol id="sm-17a">
         <name>_ZN6System4initEj</name>
         <value>0x7cb</value>
         <object_component_ref idref="oc-d5"/>
      </symbol>
      <symbol id="sm-17b">
         <name>_ZN6SystemC2Ev</name>
         <value>0x709</value>
         <object_component_ref idref="oc-d5"/>
      </symbol>
      <symbol id="sm-17c">
         <name>_ZN6SystemD2Ev</name>
         <value>0x7a9</value>
         <object_component_ref idref="oc-d5"/>
      </symbol>
      <symbol id="sm-17d">
         <name>_ZN6System14getPWMClockDivEv</name>
         <value>0x967</value>
         <object_component_ref idref="oc-d5"/>
      </symbol>
      <symbol id="sm-17e">
         <name>_ZN6SystemC1Ev</name>
         <value>0x709</value>
         <object_component_ref idref="oc-d5"/>
      </symbol>
      <symbol id="sm-17f">
         <name>_ZN6System14setPWMClockDivEj</name>
         <value>0x8f9</value>
         <object_component_ref idref="oc-d5"/>
      </symbol>
      <symbol id="sm-180">
         <name>_ZN6System11delayCyclesEj</name>
         <value>0x975</value>
         <object_component_ref idref="oc-d5"/>
      </symbol>
      <symbol id="sm-181">
         <name>_ZN6System13sendDebugValsEv</name>
         <value>0xaa9</value>
         <object_component_ref idref="oc-d5"/>
      </symbol>
      <symbol id="sm-182">
         <name>_ZN6SystemD1Ev</name>
         <value>0x7a9</value>
         <object_component_ref idref="oc-d5"/>
      </symbol>
      <symbol id="sm-183">
         <name>_ZN6System5errorE10ErrorCodesPvS1_S1_</name>
         <value>0x8a3</value>
         <object_component_ref idref="oc-d5"/>
      </symbol>
      <symbol id="sm-184">
         <name>_ZN6System12getClockFreqEv</name>
         <value>0x959</value>
         <object_component_ref idref="oc-d5"/>
      </symbol>
      <symbol id="sm-195">
         <name>main</name>
         <value>0x13a9</value>
         <object_component_ref idref="oc-a2"/>
      </symbol>
      <symbol id="sm-1c5">
         <name>ResetISR</name>
         <value>0x1ab1</value>
         <object_component_ref idref="oc-2a"/>
      </symbol>
      <symbol id="sm-1c6">
         <name>g_pfnVectors</name>
         <value>0x0</value>
         <object_component_ref idref="oc-12"/>
      </symbol>
      <symbol id="sm-23a">
         <name>UARTgetc</name>
         <value>0x3b3</value>
         <object_component_ref idref="oc-158"/>
      </symbol>
      <symbol id="sm-23b">
         <name>UARTgets</name>
         <value>0x2f9</value>
         <object_component_ref idref="oc-158"/>
      </symbol>
      <symbol id="sm-23c">
         <name>UARTStdioConfig</name>
         <value>0x26d</value>
         <object_component_ref idref="oc-158"/>
      </symbol>
      <symbol id="sm-23d">
         <name>UARTwrite</name>
         <value>0x2b3</value>
         <object_component_ref idref="oc-158"/>
      </symbol>
      <symbol id="sm-23e">
         <name>UARTprintf</name>
         <value>0x6d3</value>
         <object_component_ref idref="oc-158"/>
      </symbol>
      <symbol id="sm-23f">
         <name>UARTvprintf</name>
         <value>0x3d9</value>
         <object_component_ref idref="oc-158"/>
      </symbol>
      <symbol id="sm-29c">
         <name>ADCProcessorTrigger</name>
         <value>0x19a1</value>
         <object_component_ref idref="oc-1d2"/>
      </symbol>
      <symbol id="sm-29d">
         <name>ADCSequenceEnable</name>
         <value>0x1a61</value>
         <object_component_ref idref="oc-1c0"/>
      </symbol>
      <symbol id="sm-29e">
         <name>ADCSequenceConfigure</name>
         <value>0x1603</value>
         <object_component_ref idref="oc-1b4"/>
      </symbol>
      <symbol id="sm-29f">
         <name>ADCSequenceStepConfigure</name>
         <value>0x1521</value>
         <object_component_ref idref="oc-1ba"/>
      </symbol>
      <symbol id="sm-2a0">
         <name>ADCIntClear</name>
         <value>0x1abd</value>
         <object_component_ref idref="oc-1c6"/>
      </symbol>
      <symbol id="sm-2a1">
         <name>ADCHardwareOversampleConfigure</name>
         <value>0x1a45</value>
         <object_component_ref idref="oc-1cc"/>
      </symbol>
      <symbol id="sm-2a2">
         <name>ADCIntStatus</name>
         <value>0x18c5</value>
         <object_component_ref idref="oc-1d8"/>
      </symbol>
      <symbol id="sm-2a3">
         <name>ADCSequenceDisable</name>
         <value>0x1a53</value>
         <object_component_ref idref="oc-1ae"/>
      </symbol>
      <symbol id="sm-2a4">
         <name>ADCSequenceDataGet</name>
         <value>0x1965</value>
         <object_component_ref idref="oc-1de"/>
      </symbol>
      <symbol id="sm-2ba">
         <name>FPULazyStackingEnable</name>
         <value>0x1a15</value>
         <object_component_ref idref="oc-176"/>
      </symbol>
      <symbol id="sm-2bb">
         <name>FPUEnable</name>
         <value>0x1a05</value>
         <object_component_ref idref="oc-17c"/>
      </symbol>
      <symbol id="sm-305">
         <name>GPIOPinConfigure</name>
         <value>0x16a5</value>
         <object_component_ref idref="oc-14c"/>
      </symbol>
      <symbol id="sm-306">
         <name>GPIOPinTypeADC</name>
         <value>0x19e1</value>
         <object_component_ref idref="oc-1a8"/>
      </symbol>
      <symbol id="sm-307">
         <name>GPIOPinTypeUART</name>
         <value>0x19f3</value>
         <object_component_ref idref="oc-152"/>
      </symbol>
      <symbol id="sm-308">
         <name>GPIOPinRead</name>
         <value>0x1ae3</value>
         <object_component_ref idref="oc-1f2"/>
      </symbol>
      <symbol id="sm-309">
         <name>GPIODirModeSet</name>
         <value>0x18f3</value>
         <object_component_ref idref="oc-1ec"/>
      </symbol>
      <symbol id="sm-30a">
         <name>GPIOPinWrite</name>
         <value>0x1ae9</value>
         <object_component_ref idref="oc-1f8"/>
      </symbol>
      <symbol id="sm-30b">
         <name>GPIOPadConfigSet</name>
         <value>0x109d</value>
         <object_component_ref idref="oc-1fe"/>
      </symbol>
      <symbol id="sm-31f">
         <name>IntMasterDisable</name>
         <value>0x1a25</value>
         <object_component_ref idref="oc-164"/>
      </symbol>
      <symbol id="sm-320">
         <name>IntMasterEnable</name>
         <value>0x1a35</value>
         <object_component_ref idref="oc-15e"/>
      </symbol>
      <symbol id="sm-382">
         <name>SysCtlPeripheralPresent</name>
         <value>0x17b9</value>
         <object_component_ref idref="oc-244"/>
      </symbol>
      <symbol id="sm-383">
         <name>SysCtlClockSet</name>
         <value>0x11d1</value>
         <object_component_ref idref="oc-140"/>
      </symbol>
      <symbol id="sm-384">
         <name>SysCtlDelay</name>
         <value>0x1aef</value>
         <object_component_ref idref="oc-188"/>
      </symbol>
      <symbol id="sm-385">
         <name>SysCtlPeripheralEnable</name>
         <value>0x185d</value>
         <object_component_ref idref="oc-146"/>
      </symbol>
      <symbol id="sm-386">
         <name>SysCtlPeripheralDisable</name>
         <value>0x1829</value>
         <object_component_ref idref="oc-170"/>
      </symbol>
      <symbol id="sm-387">
         <name>SysCtlPWMClockSet</name>
         <value>0x19b9</value>
         <object_component_ref idref="oc-182"/>
      </symbol>
      <symbol id="sm-388">
         <name>SysCtlPeripheralReady</name>
         <value>0x17f1</value>
         <object_component_ref idref="oc-1a2"/>
      </symbol>
      <symbol id="sm-389">
         <name>SysCtlPeripheralReset</name>
         <value>0x1655</value>
         <object_component_ref idref="oc-16a"/>
      </symbol>
      <symbol id="sm-3bc">
         <name>UARTConfigSetExpClk</name>
         <value>0x16ed</value>
         <object_component_ref idref="oc-24a"/>
      </symbol>
      <symbol id="sm-3bd">
         <name>UARTDisable</name>
         <value>0x1945</value>
         <object_component_ref idref="oc-2fd"/>
      </symbol>
      <symbol id="sm-3be">
         <name>UARTCharPut</name>
         <value>0x1ad1</value>
         <object_component_ref idref="oc-256"/>
      </symbol>
      <symbol id="sm-3bf">
         <name>UARTEnable</name>
         <value>0x19cd</value>
         <object_component_ref idref="oc-250"/>
      </symbol>
      <symbol id="sm-3c0">
         <name>UARTCharGet</name>
         <value>0x1ac7</value>
         <object_component_ref idref="oc-25c"/>
      </symbol>
      <symbol id="sm-3d2">
         <name>CPUcpsie</name>
         <value>0x1aa5</value>
         <object_component_ref idref="oc-27a"/>
      </symbol>
      <symbol id="sm-3d3">
         <name>CPUcpsid</name>
         <value>0x1a99</value>
         <object_component_ref idref="oc-281"/>
      </symbol>
      <symbol id="sm-42d">
         <name>_ZN10__cxxabiv117__class_type_infoD1Ev</name>
         <value>0x1af5</value>
         <object_component_ref idref="oc-356"/>
      </symbol>
      <symbol id="sm-42e">
         <name>_ZTSN10__cxxabiv120__si_class_type_infoE</name>
         <value>0x1c5c</value>
         <object_component_ref idref="oc-3ac"/>
      </symbol>
      <symbol id="sm-42f">
         <name>_ZTSN10__cxxabiv117__class_type_infoE</name>
         <value>0x1c81</value>
         <object_component_ref idref="oc-36f"/>
      </symbol>
      <symbol id="sm-430">
         <name>_ZN10__cxxabiv117__class_type_infoD2Ev</name>
         <value>0x1af5</value>
         <object_component_ref idref="oc-356"/>
      </symbol>
      <symbol id="sm-431">
         <name>_ZN10__cxxabiv120__si_class_type_infoD2Ev</name>
         <value>0x1af9</value>
         <object_component_ref idref="oc-394"/>
      </symbol>
      <symbol id="sm-432">
         <name>_ZTVN10__cxxabiv117__class_type_infoE</name>
         <value>0x1d24</value>
         <object_component_ref idref="oc-31b"/>
      </symbol>
      <symbol id="sm-433">
         <name>_ZTIN10__cxxabiv117__class_type_infoE</name>
         <value>0x1d54</value>
         <object_component_ref idref="oc-351"/>
      </symbol>
      <symbol id="sm-434">
         <name>_ZN10__cxxabiv120__si_class_type_infoD1Ev</name>
         <value>0x1af9</value>
         <object_component_ref idref="oc-394"/>
      </symbol>
      <symbol id="sm-435">
         <name>_ZTIN10__cxxabiv120__si_class_type_infoE</name>
         <value>0x1d60</value>
         <object_component_ref idref="oc-38f"/>
      </symbol>
      <symbol id="sm-436">
         <name>_ZN10__cxxabiv117__class_type_infoD0Ev</name>
         <value>0x1a6f</value>
         <object_component_ref idref="oc-35c"/>
      </symbol>
      <symbol id="sm-437">
         <name>_ZTVN10__cxxabiv120__si_class_type_infoE</name>
         <value>0x1d34</value>
         <object_component_ref idref="oc-36a"/>
      </symbol>
      <symbol id="sm-438">
         <name>_ZN10__cxxabiv120__si_class_type_infoD0Ev</name>
         <value>0x1a7d</value>
         <object_component_ref idref="oc-39a"/>
      </symbol>
      <symbol id="sm-454">
         <name>_ZdlPv</name>
         <value>0x1adb</value>
         <object_component_ref idref="oc-22d"/>
      </symbol>
      <symbol id="sm-455">
         <name>_ZdlPvj</name>
         <value>0x1afd</value>
         <object_component_ref idref="oc-13a"/>
      </symbol>
      <symbol id="sm-464">
         <name>__aeabi_uidivmod</name>
         <value>0x1779</value>
         <object_component_ref idref="oc-26b"/>
      </symbol>
      <symbol id="sm-465">
         <name>__aeabi_uidiv</name>
         <value>0x1779</value>
         <object_component_ref idref="oc-26b"/>
      </symbol>
      <symbol id="sm-480">
         <name>memcpy</name>
         <value>0x1485</value>
         <object_component_ref idref="oc-3e"/>
      </symbol>
      <symbol id="sm-481">
         <name>__aeabi_memcpy</name>
         <value>0x1485</value>
         <object_component_ref idref="oc-3e"/>
      </symbol>
      <symbol id="sm-482">
         <name>__aeabi_memcpy8</name>
         <value>0x1485</value>
         <object_component_ref idref="oc-3e"/>
      </symbol>
      <symbol id="sm-483">
         <name>__aeabi_memcpy4</name>
         <value>0x1485</value>
         <object_component_ref idref="oc-3e"/>
      </symbol>
      <symbol id="sm-49b">
         <name>__TI_decompress_none</name>
         <value>0x1a8b</value>
         <object_component_ref idref="oc-1b"/>
      </symbol>
      <symbol id="sm-4be">
         <name>__TI_decompress_lzss</name>
         <value>0x159b</value>
         <object_component_ref idref="oc-15"/>
      </symbol>
      <symbol id="sm-4c9">
         <name>C$$EXIT</name>
         <value>0x1b05</value>
         <object_component_ref idref="oc-fc"/>
      </symbol>
      <symbol id="sm-4ca">
         <name>abort</name>
         <value>0x1b05</value>
         <object_component_ref idref="oc-fc"/>
      </symbol>
      <symbol id="sm-4df">
         <name>_nop</name>
         <value>0x1653</value>
         <object_component_ref idref="oc-2bf"/>
      </symbol>
      <symbol id="sm-4e0">
         <name>_lock</name>
         <value>0x20001000</value>
         <object_component_ref idref="oc-211"/>
      </symbol>
      <symbol id="sm-4e1">
         <name>_unlock</name>
         <value>0x20001004</value>
         <object_component_ref idref="oc-211"/>
      </symbol>
      <symbol id="sm-536">
         <name>_sys_memory</name>
         <value>0x20001018</value>
         <object_component_ref idref="oc-24"/>
      </symbol>
      <symbol id="sm-537">
         <name>free</name>
         <value>0x12c5</value>
         <object_component_ref idref="oc-2de"/>
      </symbol>
      <symbol id="sm-54a">
         <name>__stack</name>
         <value>0x20000000</value>
         <object_component_ref idref="oc-27"/>
      </symbol>
      <symbol id="sm-54b">
         <name>_c_int00_noargs</name>
         <value>0x1891</value>
         <object_component_ref idref="oc-5c"/>
      </symbol>
      <symbol id="sm-574">
         <name>_ZTSSt9type_info</name>
         <value>0x1d44</value>
         <object_component_ref idref="oc-39f"/>
      </symbol>
      <symbol id="sm-575">
         <name>_ZNSt9type_infoD2Ev</name>
         <value>0x11cf</value>
         <object_component_ref idref="oc-379"/>
      </symbol>
      <symbol id="sm-576">
         <name>_ZNSt9type_infoD1Ev</name>
         <value>0x11cf</value>
         <object_component_ref idref="oc-379"/>
      </symbol>
      <symbol id="sm-577">
         <name>_ZTISt9type_info</name>
         <value>0x1d9c</value>
         <object_component_ref idref="oc-374"/>
      </symbol>
      <symbol id="sm-581">
         <name>__aeabi_idiv0</name>
         <value>0x1733</value>
         <object_component_ref idref="oc-30e"/>
      </symbol>
      <symbol id="sm-582">
         <name>__aeabi_ldiv0</name>
         <value>0x1733</value>
         <object_component_ref idref="oc-30e"/>
      </symbol>
      <symbol id="sm-5ab">
         <name>__TI_auto_init_nobinit_nopinit</name>
         <value>0x1735</value>
         <object_component_ref idref="oc-108"/>
      </symbol>
      <symbol id="sm-5b5">
         <name>_system_pre_init</name>
         <value>0x1b01</value>
         <object_component_ref idref="oc-9c"/>
      </symbol>
      <symbol id="sm-5b9">
         <name>__TI_static_base__</name>
         <value>0x0</value>
      </symbol>
      <symbol id="sm-5bc">
         <name>__mpu_init</name>
         <value>0x0</value>
      </symbol>
      <symbol id="sm-5bd">
         <name>_system_post_cinit</name>
         <value>0x0</value>
      </symbol>
      <symbol id="sm-5be">
         <name>_ZSt17__throw_bad_allocv</name>
         <value>0x1b05</value>
      </symbol>
   </symbol_table>
   <title>Link successful</title>
</link_info>
