******************************************************************************
                  TI ARM Linker PC v20.2.4                     
******************************************************************************
>> Linked Wed Jul  7 23:00:06 2021

OUTPUT FILE NAME:   <ADC_Class_Test.out>
ENTRY POINT SYMBOL: "_c_int00_noargs"  address: 00001891


MEMORY CONFIGURATION

         name            origin    length      used     unused   attr    fill
----------------------  --------  ---------  --------  --------  ----  --------
  FLASH                 00000000   00040000  00001dd8  0003e228  R  X
  SRAM                  20000000   00008000  00001025  00006fdb  RW X


SEGMENT ALLOCATION MAP

run origin  load origin   length   init length attrs members
----------  ----------- ---------- ----------- ----- -------
00000000    00000000    00001ddc   00001ddc    r-x
  00000000    00000000    0000026c   0000026c    r-- .intvecs
  0000026c    0000026c    0000189c   0000189c    r-x .text
  00001b08    00001b08    000002b4   000002b4    r-- .const
  00001dc0    00001dc0    0000001c   0000001c    r-- .cinit
20000000    20000000    00001028   00000000    rw-
  20000000    20000000    00001000   00000000    rw- .stack
  20001000    20001000    00000015   00000000    rw- .data
  20001018    20001018    00000010   00000000    rw- .sysmem


SECTION ALLOCATION MAP

 output                                  attributes/
section   page    origin      length       input sections
--------  ----  ----------  ----------   ----------------
.intvecs   0    00000000    0000026c     
                  00000000    0000026c     tm4c123gh6pm_startup_ccs.obj (.intvecs)

.text      0    0000026c    0000189c     
                  0000026c    0000049c     uartstdio.obj (.text)
                  00000708    00000478     System.obj (.text)
                  00000b80    000002c8     ADC.obj (.text)
                  00000e48    00000254     GPIO.obj (.text)
                  0000109c    00000132     driverlib.lib : gpio.obj (.text:GPIOPadConfigSet)
                  000011ce    00000002     rtsv7M4_T_le_v4SPD16_eabi.lib : stdlib_typeinfo.cpp.obj (.text:_ZNSt9type_infoD1Ev)
                  000011d0    000000f4     driverlib.lib : sysctl.obj (.text:SysCtlClockSet)
                  000012c4    000000e4     rtsv7M4_T_le_v4SPD16_eabi.lib : memory.c.obj (.text:free)
                  000013a8    000000dc     main.obj (.text)
                  00001484    0000009c     rtsv7M4_T_le_v4SPD16_eabi.lib : memcpy_t2.asm.obj (.text)
                  00001520    0000007a     driverlib.lib : adc.obj (.text:ADCSequenceStepConfigure)
                  0000159a    00000068     rtsv7M4_T_le_v4SPD16_eabi.lib : copy_decompress_lzss.c.obj (.text:decompress:lzss:__TI_decompress_lzss)
                  00001602    00000050     driverlib.lib : adc.obj (.text:ADCSequenceConfigure)
                  00001652    00000002     rtsv7M4_T_le_v4SPD16_eabi.lib : _lock.c.obj (.text:_nop)
                  00001654    00000050     driverlib.lib : sysctl.obj (.text:SysCtlPeripheralReset)
                  000016a4    00000048                   : gpio.obj (.text:GPIOPinConfigure)
                  000016ec    00000046                   : uart.obj (.text:UARTConfigSetExpClk)
                  00001732    00000002     rtsv7M4_T_le_v4SPD16_eabi.lib : div0.asm.obj (.text)
                  00001734    00000044                                   : autoinit.c.obj (.text:__TI_auto_init_nobinit_nopinit:__TI_auto_init_nobinit_nopinit)
                  00001778    00000040                                   : u_divt2.asm.obj (.text)
                  000017b8    00000038     driverlib.lib : sysctl.obj (.text:SysCtlPeripheralPresent)
                  000017f0    00000038                   : sysctl.obj (.text:SysCtlPeripheralReady)
                  00001828    00000034                   : sysctl.obj (.text:SysCtlPeripheralDisable)
                  0000185c    00000034                   : sysctl.obj (.text:SysCtlPeripheralEnable)
                  00001890    00000034     rtsv7M4_T_le_v4SPD16_eabi.lib : boot_cortex_m.c.obj (.text:_c_int00_noargs:_c_int00_noargs)
                  000018c4    0000002e     driverlib.lib : adc.obj (.text:ADCIntStatus)
                  000018f2    0000002a                   : gpio.obj (.text:GPIODirModeSet)
                  0000191c    00000028     rtsv7M4_T_le_v4SPD16_eabi.lib : memory.c.obj (.text:free_list_insert)
                  00001944    00000020     driverlib.lib : uart.obj (.text:UARTDisable)
                  00001964    0000001e                   : adc.obj (.text:ADCSequenceDataGet)
                  00001982    00000002     --HOLE-- [fill = 0]
                  00001984    0000001c     rtsv7M4_T_le_v4SPD16_eabi.lib : memory.c.obj (.text:free_list_remove)
                  000019a0    00000018     driverlib.lib : adc.obj (.text:ADCProcessorTrigger)
                  000019b8    00000014                   : sysctl.obj (.text:SysCtlPWMClockSet)
                  000019cc    00000014                   : uart.obj (.text:UARTEnable)
                  000019e0    00000012                   : gpio.obj (.text:GPIOPinTypeADC)
                  000019f2    00000012                   : gpio.obj (.text:GPIOPinTypeUART)
                  00001a04    00000010                   : fpu.obj (.text:FPUEnable)
                  00001a14    00000010                   : fpu.obj (.text:FPULazyStackingEnable)
                  00001a24    00000010                   : interrupt.obj (.text:IntMasterDisable)
                  00001a34    00000010                   : interrupt.obj (.text:IntMasterEnable)
                  00001a44    0000000e                   : adc.obj (.text:ADCHardwareOversampleConfigure)
                  00001a52    0000000e                   : adc.obj (.text:ADCSequenceDisable)
                  00001a60    0000000e                   : adc.obj (.text:ADCSequenceEnable)
                  00001a6e    0000000e     rtsv7M4_T_le_v4SPD16_eabi.lib : typeinfo.c.obj (.text:_ZN10__cxxabiv117__class_type_infoD0Ev)
                  00001a7c    0000000e                                   : typeinfo.c.obj (.text:_ZN10__cxxabiv120__si_class_type_infoD0Ev)
                  00001a8a    0000000e                                   : copy_decompress_none.c.obj (.text:decompress:none:__TI_decompress_none)
                  00001a98    0000000c     driverlib.lib : cpu.obj (.text:CPUcpsid)
                  00001aa4    0000000c                   : cpu.obj (.text:CPUcpsie)
                  00001ab0    0000000c     tm4c123gh6pm_startup_ccs.obj (.text)
                  00001abc    0000000a     driverlib.lib : adc.obj (.text:ADCIntClear)
                  00001ac6    0000000a                   : uart.obj (.text:UARTCharGet)
                  00001ad0    0000000a                   : uart.obj (.text:UARTCharPut)
                  00001ada    00000008     rtsv7M4_T_le_v4SPD16_eabi.lib : new.cpp.obj (.text:_ZdlPv)
                  00001ae2    00000006     driverlib.lib : gpio.obj (.text:GPIOPinRead)
                  00001ae8    00000006                   : gpio.obj (.text:GPIOPinWrite)
                  00001aee    00000006                   : sysctl.obj (.text:SysCtlDelay)
                  00001af4    00000004     rtsv7M4_T_le_v4SPD16_eabi.lib : typeinfo.c.obj (.text:_ZN10__cxxabiv117__class_type_infoD1Ev)
                  00001af8    00000004                                   : typeinfo.c.obj (.text:_ZN10__cxxabiv120__si_class_type_infoD1Ev)
                  00001afc    00000004                                   : new.cpp.obj (.text:_ZdlPvj)
                  00001b00    00000004                                   : pre_init.c.obj (.text:_system_pre_init)
                  00001b04    00000004                                   : exit.c.obj (.text:abort:abort)

.const     0    00001b08    000002b4     
                  00001b08    000000c4     System.obj (.const:$P$T1$2)
                  00001bcc    00000090     driverlib.lib : gpio.obj (.const:g_pui32GPIOBaseAddrs)
                  00001c5c    00000025     rtsv7M4_T_le_v4SPD16_eabi.lib : typeinfo.c.obj (.const:.typeinfo:_ZTSN10__cxxabiv120__si_class_type_infoE)
                  00001c81    00000022                                   : typeinfo.c.obj (.const:.typeinfo:_ZTSN10__cxxabiv117__class_type_infoE)
                  00001ca3    00000001     --HOLE-- [fill = 0]
                  00001ca4    00000020     System.obj (.const:$P$T0$1)
                  00001cc4    0000001c     GPIO.obj (.const:$P$T0$1)
                  00001ce0    00000012     uartstdio.obj (.const:.string)
                  00001cf2    00000002     --HOLE-- [fill = 0]
                  00001cf4    00000010     ADC.obj (.const:_ZTV3ADC)
                  00001d04    00000010     GPIO.obj (.const:_ZTV4GPIO)
                  00001d14    00000010     System.obj (.const:_ZTV6System)
                  00001d24    00000010     rtsv7M4_T_le_v4SPD16_eabi.lib : typeinfo.c.obj (.const:_ZTVN10__cxxabiv117__class_type_infoE)
                  00001d34    00000010                                   : typeinfo.c.obj (.const:_ZTVN10__cxxabiv120__si_class_type_infoE)
                  00001d44    0000000d                                   : stdlib_typeinfo.cpp.obj (.const:.typeinfo:_ZTSSt9type_info)
                  00001d51    00000003     --HOLE-- [fill = 0]
                  00001d54    0000000c                                   : typeinfo.c.obj (.const:.typeinfo:_ZTIN10__cxxabiv117__class_type_infoE)
                  00001d60    0000000c                                   : typeinfo.c.obj (.const:.typeinfo:_ZTIN10__cxxabiv120__si_class_type_infoE)
                  00001d6c    0000000c     uartstdio.obj (.const:g_ui32UARTBase)
                  00001d78    0000000c     uartstdio.obj (.const:g_ui32UARTPeriph)
                  00001d84    00000008     ADC.obj (.const:.typeinfo:_ZTI3ADC)
                  00001d8c    00000008     GPIO.obj (.const:.typeinfo:_ZTI4GPIO)
                  00001d94    00000008     System.obj (.const:.typeinfo:_ZTI6System)
                  00001d9c    00000008     rtsv7M4_T_le_v4SPD16_eabi.lib : stdlib_typeinfo.cpp.obj (.const:.typeinfo:_ZTISt9type_info)
                  00001da4    00000008     System.obj (.const:.typeinfo:_ZTS6System)
                  00001dac    00000006     GPIO.obj (.const:.typeinfo:_ZTS4GPIO)
                  00001db2    00000005     ADC.obj (.const:.typeinfo:_ZTS3ADC)
                  00001db7    00000001     --HOLE-- [fill = 0]
                  00001db8    00000004     uartstdio.obj (.const)

.cinit     0    00001dc0    0000001c     
                  00001dc0    0000000c     (.cinit..data.load) [load image, compression = lzss]
                  00001dcc    00000008     (__TI_handler_table)
                  00001dd4    00000008     (__TI_cinit_table)

.init_array 
*          0    00000000    00000000     UNINITIALIZED

.stack     0    20000000    00001000     UNINITIALIZED
                  20000000    00000004     rtsv7M4_T_le_v4SPD16_eabi.lib : boot_cortex_m.c.obj (.stack)
                  20000004    00000ffc     --HOLE--

.data      0    20001000    00000015     UNINITIALIZED
                  20001000    00000008     rtsv7M4_T_le_v4SPD16_eabi.lib : _lock.c.obj (.data:$O1$$)
                  20001008    00000008                                   : memory.c.obj (.data:$O1$$)
                  20001010    00000005     uartstdio.obj (.data)

.sysmem    0    20001018    00000010     UNINITIALIZED
                  20001018    00000010     rtsv7M4_T_le_v4SPD16_eabi.lib : memory.c.obj (.sysmem)

__llvm_prf_cnts 
*          0    20000000    00000000     UNINITIALIZED

MODULE SUMMARY

       Module                         code   ro data   rw data
       ------                         ----   -------   -------
    .\
       System.obj                     1144   260       0      
       uartstdio.obj                  1180   46        5      
       ADC.obj                        712    29        0      
       GPIO.obj                       596    58        0      
       tm4c123gh6pm_startup_ccs.obj   12     620       0      
       main.obj                       220    0         0      
    +--+------------------------------+------+---------+---------+
       Total:                         3864   1013      5      
                                                              
    D:\ti\ccs1031\ccs\tools\compiler\ti-cgt-arm_20.2.4.LTS\lib\rtsv7M4_T_le_v4SPD16_eabi.lib
       memory.c.obj                   296    0         8      
       typeinfo.c.obj                 36     127       0      
       memcpy_t2.asm.obj              156    0         0      
       copy_decompress_lzss.c.obj     104    0         0      
       autoinit.c.obj                 68     0         0      
       u_divt2.asm.obj                64     0         0      
       boot_cortex_m.c.obj            52     0         0      
       stdlib_typeinfo.cpp.obj        2      21        0      
       copy_decompress_none.c.obj     14     0         0      
       new.cpp.obj                    12     0         0      
       _lock.c.obj                    2      0         8      
       exit.c.obj                     4      0         0      
       pre_init.c.obj                 4      0         0      
       div0.asm.obj                   2      0         0      
    +--+------------------------------+------+---------+---------+
       Total:                         816    148       16     
                                                              
    G:/TivaWare_C_Series-2.1.4.178/driverlib/ccs/Debug/driverlib.lib
       gpio.obj                       468    144       0      
       sysctl.obj                     566    0         0      
       adc.obj                        354    0         0      
       uart.obj                       142    0         0      
       fpu.obj                        32     0         0      
       interrupt.obj                  32     0         0      
       cpu.obj                        24     0         0      
    +--+------------------------------+------+---------+---------+
       Total:                         1618   144       0      
                                                              
       Heap:                          0      0         16     
       Stack:                         0      0         4096   
       Linker Generated:              0      28        0      
    +--+------------------------------+------+---------+---------+
       Grand Total:                   6298   1333      4133   


LINKER GENERATED COPY TABLES

__TI_cinit_table @ 00001dd4 records: 1, size/record: 8, table size: 8
	.data: load addr=00001dc0, load size=0000000c bytes, run addr=20001000, run size=00000015 bytes, compression=lzss


LINKER GENERATED HANDLER TABLE

__TI_handler_table @ 00001dcc records: 2, size/record: 4, table size: 8
	index: 0, handler: __TI_decompress_lzss
	index: 1, handler: __TI_decompress_none


GLOBAL SYMBOLS: SORTED ALPHABETICALLY BY Name 

address   name                                     
-------   ----                                     
00001a45  ADCHardwareOversampleConfigure           
00001abd  ADCIntClear                              
000018c5  ADCIntStatus                             
000019a1  ADCProcessorTrigger                      
00001603  ADCSequenceConfigure                     
00001965  ADCSequenceDataGet                       
00001a53  ADCSequenceDisable                       
00001a61  ADCSequenceEnable                        
00001521  ADCSequenceStepConfigure                 
00001b05  C$$EXIT                                  
00001a99  CPUcpsid                                 
00001aa5  CPUcpsie                                 
00001a05  FPUEnable                                
00001a15  FPULazyStackingEnable                    
000018f3  GPIODirModeSet                           
0000109d  GPIOPadConfigSet                         
000016a5  GPIOPinConfigure                         
00001ae3  GPIOPinRead                              
000019e1  GPIOPinTypeADC                           
000019f3  GPIOPinTypeUART                          
00001ae9  GPIOPinWrite                             
00001a25  IntMasterDisable                         
00001a35  IntMasterEnable                          
00001ab1  ResetISR                                 
000011d1  SysCtlClockSet                           
00001aef  SysCtlDelay                              
000019b9  SysCtlPWMClockSet                        
00001829  SysCtlPeripheralDisable                  
0000185d  SysCtlPeripheralEnable                   
000017b9  SysCtlPeripheralPresent                  
000017f1  SysCtlPeripheralReady                    
00001655  SysCtlPeripheralReset                    
00001ac7  UARTCharGet                              
00001ad1  UARTCharPut                              
000016ed  UARTConfigSetExpClk                      
00001945  UARTDisable                              
000019cd  UARTEnable                               
0000026d  UARTStdioConfig                          
000003b3  UARTgetc                                 
000002f9  UARTgets                                 
000006d3  UARTprintf                               
000003d9  UARTvprintf                              
000002b3  UARTwrite                                
00001a6f  _ZN10__cxxabiv117__class_type_infoD0Ev   
00001af5  _ZN10__cxxabiv117__class_type_infoD1Ev   
00001af5  _ZN10__cxxabiv117__class_type_infoD2Ev   
00001a7d  _ZN10__cxxabiv120__si_class_type_infoD0Ev
00001af9  _ZN10__cxxabiv120__si_class_type_infoD1Ev
00001af9  _ZN10__cxxabiv120__si_class_type_infoD2Ev
00000d73  _ZN3ADC14setHWAveragingEj                
00000bc5  _ZN3ADC4initEP6Systemjjj                 
00000d87  _ZN3ADC4readEv                           
00000ddf  _ZN3ADC8readVoltEv                       
00000b81  _ZN3ADCC1Ev                              
00000b81  _ZN3ADCC2Ev                              
00000bb1  _ZN3ADCD0Ev                              
00000ba5  _ZN3ADCD1Ev                              
00000ba5  _ZN3ADCD2Ev                              
00000f85  _ZN4GPIO10getCurrentEv                   
00000fd9  _ZN4GPIO10setCurrentEj                   
0000103d  _ZN4GPIO11setPulldownEb                  
00001061  _ZN4GPIO13refreshConfigEv                
00000e87  _ZN4GPIO4initEP6Systemjjjb               
00000f45  _ZN4GPIO4readEv                          
00000f63  _ZN4GPIO5writeEb                         
00001019  _ZN4GPIO9setPullupEb                     
00000e49  _ZN4GPIOC1Ev                             
00000e49  _ZN4GPIOC2Ev                             
00000e73  _ZN4GPIOD0Ev                             
00000e67  _ZN4GPIOD1Ev                             
00000e67  _ZN4GPIOD2Ev                             
00000975  _ZN6System11delayCyclesEj                
000009d5  _ZN6System11setDebugValEPKci             
00000959  _ZN6System12getClockFreqEv               
000009b1  _ZN6System12setDebuggingEb               
00000aa9  _ZN6System13sendDebugValsEv              
00000967  _ZN6System14getPWMClockDivEv             
000008f9  _ZN6System14setPWMClockDivEj             
000007cb  _ZN6System4initEj                        
000008a3  _ZN6System5errorE10ErrorCodesPvS1_S1_    
0000098f  _ZN6System7delayUSEj                     
000008eb  _ZN6System9enableFPUEv                   
00000709  _ZN6SystemC1Ev                           
00000709  _ZN6SystemC2Ev                           
000007b5  _ZN6SystemD0Ev                           
000007a9  _ZN6SystemD1Ev                           
000007a9  _ZN6SystemD2Ev                           
000011cf  _ZNSt9type_infoD1Ev                      
000011cf  _ZNSt9type_infoD2Ev                      
00001b05  _ZSt17__throw_bad_allocv                 
00001d84  _ZTI3ADC                                 
00001d8c  _ZTI4GPIO                                
00001d94  _ZTI6System                              
00001d54  _ZTIN10__cxxabiv117__class_type_infoE    
00001d60  _ZTIN10__cxxabiv120__si_class_type_infoE 
00001d9c  _ZTISt9type_info                         
00001db2  _ZTS3ADC                                 
00001dac  _ZTS4GPIO                                
00001da4  _ZTS6System                              
00001c81  _ZTSN10__cxxabiv117__class_type_infoE    
00001c5c  _ZTSN10__cxxabiv120__si_class_type_infoE 
00001d44  _ZTSSt9type_info                         
00001cf4  _ZTV3ADC                                 
00001d04  _ZTV4GPIO                                
00001d14  _ZTV6System                              
00001d24  _ZTVN10__cxxabiv117__class_type_infoE    
00001d34  _ZTVN10__cxxabiv120__si_class_type_infoE 
00001adb  _ZdlPv                                   
00001afd  _ZdlPvj                                  
20001000  __STACK_END                              
00001000  __STACK_SIZE                             
20000200  __STACK_TOP                              
00000010  __SYSMEM_SIZE                            
00001dd4  __TI_CINIT_Base                          
00001ddc  __TI_CINIT_Limit                         
00001dcc  __TI_Handler_Table_Base                  
00001dd4  __TI_Handler_Table_Limit                 
00001735  __TI_auto_init_nobinit_nopinit           
0000159b  __TI_decompress_lzss                     
00001a8b  __TI_decompress_none                     
ffffffff  __TI_pprof_out_hndl                      
ffffffff  __TI_prof_data_size                      
ffffffff  __TI_prof_data_start                     
00000000  __TI_static_base__                       
00001733  __aeabi_idiv0                            
00001733  __aeabi_ldiv0                            
00001485  __aeabi_memcpy                           
00001485  __aeabi_memcpy4                          
00001485  __aeabi_memcpy8                          
00001779  __aeabi_uidiv                            
00001779  __aeabi_uidivmod                         
ffffffff  __binit__                                
ffffffff  __c_args__                               
UNDEFED   __mpu_init                               
20000000  __stack                                  
20000000  __start___llvm_prf_cnts                  
20000000  __stop___llvm_prf_cnts                   
00001891  _c_int00_noargs                          
20001000  _lock                                    
00001653  _nop                                     
20001018  _sys_memory                              
UNDEFED   _system_post_cinit                       
00001b01  _system_pre_init                         
20001004  _unlock                                  
00001b05  abort                                    
ffffffff  binit                                    
000012c5  free                                     
00000000  g_pfnVectors                             
000013a9  main                                     
00001485  memcpy                                   


GLOBAL SYMBOLS: SORTED BY Symbol Address 

address   name                                     
-------   ----                                     
00000000  __TI_static_base__                       
00000000  g_pfnVectors                             
00000010  __SYSMEM_SIZE                            
0000026d  UARTStdioConfig                          
000002b3  UARTwrite                                
000002f9  UARTgets                                 
000003b3  UARTgetc                                 
000003d9  UARTvprintf                              
000006d3  UARTprintf                               
00000709  _ZN6SystemC1Ev                           
00000709  _ZN6SystemC2Ev                           
000007a9  _ZN6SystemD1Ev                           
000007a9  _ZN6SystemD2Ev                           
000007b5  _ZN6SystemD0Ev                           
000007cb  _ZN6System4initEj                        
000008a3  _ZN6System5errorE10ErrorCodesPvS1_S1_    
000008eb  _ZN6System9enableFPUEv                   
000008f9  _ZN6System14setPWMClockDivEj             
00000959  _ZN6System12getClockFreqEv               
00000967  _ZN6System14getPWMClockDivEv             
00000975  _ZN6System11delayCyclesEj                
0000098f  _ZN6System7delayUSEj                     
000009b1  _ZN6System12setDebuggingEb               
000009d5  _ZN6System11setDebugValEPKci             
00000aa9  _ZN6System13sendDebugValsEv              
00000b81  _ZN3ADCC1Ev                              
00000b81  _ZN3ADCC2Ev                              
00000ba5  _ZN3ADCD1Ev                              
00000ba5  _ZN3ADCD2Ev                              
00000bb1  _ZN3ADCD0Ev                              
00000bc5  _ZN3ADC4initEP6Systemjjj                 
00000d73  _ZN3ADC14setHWAveragingEj                
00000d87  _ZN3ADC4readEv                           
00000ddf  _ZN3ADC8readVoltEv                       
00000e49  _ZN4GPIOC1Ev                             
00000e49  _ZN4GPIOC2Ev                             
00000e67  _ZN4GPIOD1Ev                             
00000e67  _ZN4GPIOD2Ev                             
00000e73  _ZN4GPIOD0Ev                             
00000e87  _ZN4GPIO4initEP6Systemjjjb               
00000f45  _ZN4GPIO4readEv                          
00000f63  _ZN4GPIO5writeEb                         
00000f85  _ZN4GPIO10getCurrentEv                   
00000fd9  _ZN4GPIO10setCurrentEj                   
00001000  __STACK_SIZE                             
00001019  _ZN4GPIO9setPullupEb                     
0000103d  _ZN4GPIO11setPulldownEb                  
00001061  _ZN4GPIO13refreshConfigEv                
0000109d  GPIOPadConfigSet                         
000011cf  _ZNSt9type_infoD1Ev                      
000011cf  _ZNSt9type_infoD2Ev                      
000011d1  SysCtlClockSet                           
000012c5  free                                     
000013a9  main                                     
00001485  __aeabi_memcpy                           
00001485  __aeabi_memcpy4                          
00001485  __aeabi_memcpy8                          
00001485  memcpy                                   
00001521  ADCSequenceStepConfigure                 
0000159b  __TI_decompress_lzss                     
00001603  ADCSequenceConfigure                     
00001653  _nop                                     
00001655  SysCtlPeripheralReset                    
000016a5  GPIOPinConfigure                         
000016ed  UARTConfigSetExpClk                      
00001733  __aeabi_idiv0                            
00001733  __aeabi_ldiv0                            
00001735  __TI_auto_init_nobinit_nopinit           
00001779  __aeabi_uidiv                            
00001779  __aeabi_uidivmod                         
000017b9  SysCtlPeripheralPresent                  
000017f1  SysCtlPeripheralReady                    
00001829  SysCtlPeripheralDisable                  
0000185d  SysCtlPeripheralEnable                   
00001891  _c_int00_noargs                          
000018c5  ADCIntStatus                             
000018f3  GPIODirModeSet                           
00001945  UARTDisable                              
00001965  ADCSequenceDataGet                       
000019a1  ADCProcessorTrigger                      
000019b9  SysCtlPWMClockSet                        
000019cd  UARTEnable                               
000019e1  GPIOPinTypeADC                           
000019f3  GPIOPinTypeUART                          
00001a05  FPUEnable                                
00001a15  FPULazyStackingEnable                    
00001a25  IntMasterDisable                         
00001a35  IntMasterEnable                          
00001a45  ADCHardwareOversampleConfigure           
00001a53  ADCSequenceDisable                       
00001a61  ADCSequenceEnable                        
00001a6f  _ZN10__cxxabiv117__class_type_infoD0Ev   
00001a7d  _ZN10__cxxabiv120__si_class_type_infoD0Ev
00001a8b  __TI_decompress_none                     
00001a99  CPUcpsid                                 
00001aa5  CPUcpsie                                 
00001ab1  ResetISR                                 
00001abd  ADCIntClear                              
00001ac7  UARTCharGet                              
00001ad1  UARTCharPut                              
00001adb  _ZdlPv                                   
00001ae3  GPIOPinRead                              
00001ae9  GPIOPinWrite                             
00001aef  SysCtlDelay                              
00001af5  _ZN10__cxxabiv117__class_type_infoD1Ev   
00001af5  _ZN10__cxxabiv117__class_type_infoD2Ev   
00001af9  _ZN10__cxxabiv120__si_class_type_infoD1Ev
00001af9  _ZN10__cxxabiv120__si_class_type_infoD2Ev
00001afd  _ZdlPvj                                  
00001b01  _system_pre_init                         
00001b05  C$$EXIT                                  
00001b05  _ZSt17__throw_bad_allocv                 
00001b05  abort                                    
00001c5c  _ZTSN10__cxxabiv120__si_class_type_infoE 
00001c81  _ZTSN10__cxxabiv117__class_type_infoE    
00001cf4  _ZTV3ADC                                 
00001d04  _ZTV4GPIO                                
00001d14  _ZTV6System                              
00001d24  _ZTVN10__cxxabiv117__class_type_infoE    
00001d34  _ZTVN10__cxxabiv120__si_class_type_infoE 
00001d44  _ZTSSt9type_info                         
00001d54  _ZTIN10__cxxabiv117__class_type_infoE    
00001d60  _ZTIN10__cxxabiv120__si_class_type_infoE 
00001d84  _ZTI3ADC                                 
00001d8c  _ZTI4GPIO                                
00001d94  _ZTI6System                              
00001d9c  _ZTISt9type_info                         
00001da4  _ZTS6System                              
00001dac  _ZTS4GPIO                                
00001db2  _ZTS3ADC                                 
00001dcc  __TI_Handler_Table_Base                  
00001dd4  __TI_CINIT_Base                          
00001dd4  __TI_Handler_Table_Limit                 
00001ddc  __TI_CINIT_Limit                         
20000000  __stack                                  
20000000  __start___llvm_prf_cnts                  
20000000  __stop___llvm_prf_cnts                   
20000200  __STACK_TOP                              
20001000  __STACK_END                              
20001000  _lock                                    
20001004  _unlock                                  
20001018  _sys_memory                              
ffffffff  __TI_pprof_out_hndl                      
ffffffff  __TI_prof_data_size                      
ffffffff  __TI_prof_data_start                     
ffffffff  __binit__                                
ffffffff  __c_args__                               
ffffffff  binit                                    
UNDEFED   __mpu_init                               
UNDEFED   _system_post_cinit                       

[150 symbols]
